92.16.219.73 - - [22/Oct/2023:09:51:03 +0000] "GET /css/styles.html HTTP/1.1" 200 228 "http://apple-samsungmarket114.com/" "Mozilla/5.0 (Android 11; Mobile; rv:109.0) Gecko/113.0 Firefox/113.0"
92.16.219.73 - - [22/Oct/2023:09:51:01 +0000] "GET / HTTP/1.1" 200 147371 "-" "Mozilla/5.0 (Android 11; Mobile; rv:109.0) Gecko/113.0 Firefox/113.0"
38.95.13.132 - - [22/Oct/2023:09:51:05 +0000] "GET /portfolio/html/images/iphone_main3.png HTTP/1.1" 404 196 "http://apple-samsungmarket114.com/" "Mozilla/5.0 (X11; Linux x86_64) AppleWebKit/537.36 (KHTML, like Gecko) Chrome/112.0.5615.165 Safari/537.36"
92.16.219.73 - - [22/Oct/2023:09:51:05 +0000] "GET /portfolio/html/css/theme-vendors.min.html HTTP/1.1" 404 196 "http://apple-samsungmarket114.com/" "Mozilla/5.0 (Android 11; Mobile; rv:109.0) Gecko/113.0 Firefox/113.0"
92.16.219.73 - - [22/Oct/2023:09:51:05 +0000] "GET /portfolio/html/css/font-icons.min.html HTTP/1.1" 404 196 "http://apple-samsungmarket114.com/" "Mozilla/5.0 (Android 11; Mobile; rv:109.0) Gecko/113.0 Firefox/113.0"
92.16.219.73 - - [22/Oct/2023:09:51:05 +0000] "GET /portfolio/html/css/style.html HTTP/1.1" 404 196 "http://apple-samsungmarket114.com/" "Mozilla/5.0 (Android 11; Mobile; rv:109.0) Gecko/113.0 Firefox/113.0"
92.16.219.73 - - [22/Oct/2023:09:51:05 +0000] "GET /img/apple-touch-icon.png HTTP/1.1" 404 196 "http://apple-samsungmarket114.com/" "Mozilla/5.0 (Android 11; Mobile; rv:109.0) Gecko/113.0 Firefox/113.0"
92.16.219.73 - - [22/Oct/2023:09:51:05 +0000] "GET /portfolio/html/css/responsive.html HTTP/1.1" 404 196 "http://apple-samsungmarket114.com/" "Mozilla/5.0 (Android 11; Mobile; rv:109.0) Gecko/113.0 Firefox/113.0"
38.95.13.132 - - [22/Oct/2023:09:51:06 +0000] "GET /portfolio/html/images/icon_3.png HTTP/1.1" 404 196 "http://apple-samsungmarket114.com/" "Mozilla/5.0 (X11; Linux x86_64) AppleWebKit/537.36 (KHTML, like Gecko) Chrome/112.0.5615.165 Safari/537.36"
38.95.13.132 - - [22/Oct/2023:09:51:07 +0000] "GET /portfolio/html/images/iphone_drop3.png HTTP/1.1" 404 196 "http://apple-samsungmarket114.com/" "Mozilla/5.0 (X11; Linux x86_64) AppleWebKit/537.36 (KHTML, like Gecko) Chrome/112.0.5615.165 Safari/537.36"
38.95.13.132 - - [22/Oct/2023:09:51:07 +0000] "GET /portfolio/html/images/galaxy%20ultra.png HTTP/1.1" 404 196 "http://apple-samsungmarket114.com/" "Mozilla/5.0 (X11; Linux x86_64) AppleWebKit/537.36 (KHTML, like Gecko) Chrome/112.0.5615.165 Safari/537.36"
92.16.219.73 - - [22/Oct/2023:09:51:08 +0000] "GET /portfolio/html/images/icon_1.png HTTP/1.1" 404 196 "http://apple-samsungmarket114.com/" "Mozilla/5.0 (Android 11; Mobile; rv:109.0) Gecko/113.0 Firefox/113.0"
38.95.13.132 - - [22/Oct/2023:09:51:08 +0000] "GET /portfolio/html/images/galaxy%20s23%20plus.png HTTP/1.1" 404 196 "http://apple-samsungmarket114.com/" "Mozilla/5.0 (X11; Linux x86_64) AppleWebKit/537.36 (KHTML, like Gecko) Chrome/112.0.5615.165 Safari/537.36"
38.95.13.132 - - [22/Oct/2023:09:51:09 +0000] "GET /portfolio/html/images/galaxy%20s23.png HTTP/1.1" 404 196 "http://apple-samsungmarket114.com/" "Mozilla/5.0 (X11; Linux x86_64) AppleWebKit/537.36 (KHTML, like Gecko) Chrome/112.0.5615.165 Safari/537.36"
38.95.13.132 - - [22/Oct/2023:09:51:10 +0000] "GET /portfolio/html/images/iphone%2014%20pro.png HTTP/1.1" 404 196 "http://apple-samsungmarket114.com/" "Mozilla/5.0 (X11; Linux x86_64) AppleWebKit/537.36 (KHTML, like Gecko) Chrome/112.0.5615.165 Safari/537.36"
92.16.219.73 - - [22/Oct/2023:09:51:10 +0000] "GET /portfolio/html/images/iphone_main3.png HTTP/1.1" 404 196 "http://apple-samsungmarket114.com/" "Mozilla/5.0 (Android 11; Mobile; rv:109.0) Gecko/113.0 Firefox/113.0"
38.95.13.132 - - [22/Oct/2023:09:51:11 +0000] "GET /portfolio/html/images/iphone%2014.png HTTP/1.1" 404 196 "http://apple-samsungmarket114.com/" "Mozilla/5.0 (X11; Linux x86_64) AppleWebKit/537.36 (KHTML, like Gecko) Chrome/112.0.5615.165 Safari/537.36"
38.95.13.132 - - [22/Oct/2023:09:51:11 +0000] "GET /portfolio/html/images/zfold%205.png HTTP/1.1" 404 196 "http://apple-samsungmarket114.com/" "Mozilla/5.0 (X11; Linux x86_64) AppleWebKit/537.36 (KHTML, like Gecko) Chrome/112.0.5615.165 Safari/537.36"
38.95.13.132 - - [22/Oct/2023:09:51:12 +0000] "GET /portfolio/html/images/galaxy%20quantom%204.png HTTP/1.1" 404 196 "http://apple-samsungmarket114.com/" "Mozilla/5.0 (X11; Linux x86_64) AppleWebKit/537.36 (KHTML, like Gecko) Chrome/112.0.5615.165 Safari/537.36"
92.16.219.73 - - [22/Oct/2023:09:51:12 +0000] "GET /portfolio/html/js/jquery.min.js HTTP/1.1" 404 196 "http://apple-samsungmarket114.com/" "Mozilla/5.0 (Android 11; Mobile; rv:109.0) Gecko/113.0 Firefox/113.0"
92.16.219.73 - - [22/Oct/2023:09:51:13 +0000] "GET /portfolio/html/images/galaxy%20ultra.png HTTP/1.1" 404 196 "http://apple-samsungmarket114.com/" "Mozilla/5.0 (Android 11; Mobile; rv:109.0) Gecko/113.0 Firefox/113.0"
38.95.13.132 - - [22/Oct/2023:09:51:13 +0000] "GET /portfolio/html/images/airpod%20max.png HTTP/1.1" 404 196 "http://apple-samsungmarket114.com/" "Mozilla/5.0 (X11; Linux x86_64) AppleWebKit/537.36 (KHTML, like Gecko) Chrome/112.0.5615.165 Safari/537.36"
92.16.219.73 - - [22/Oct/2023:09:51:13 +0000] "GET /portfolio/html/images/iphone_drop3.png HTTP/1.1" 404 196 "http://apple-samsungmarket114.com/" "Mozilla/5.0 (Android 11; Mobile; rv:109.0) Gecko/113.0 Firefox/113.0"
92.16.219.73 - - [22/Oct/2023:09:51:13 +0000] "GET /portfolio/html/images/icon_3.png HTTP/1.1" 404 196 "http://apple-samsungmarket114.com/" "Mozilla/5.0 (Android 11; Mobile; rv:109.0) Gecko/113.0 Firefox/113.0"
92.16.219.73 - - [22/Oct/2023:09:51:14 +0000] "GET /portfolio/html/images/icon_2.png HTTP/1.1" 404 196 "http://apple-samsungmarket114.com/" "Mozilla/5.0 (Android 11; Mobile; rv:109.0) Gecko/113.0 Firefox/113.0"
92.16.219.73 - - [22/Oct/2023:09:51:14 +0000] "GET /img/mod.png HTTP/1.1" 404 196 "http://apple-samsungmarket114.com/" "Mozilla/5.0 (Android 11; Mobile; rv:109.0) Gecko/113.0 Firefox/113.0"
38.95.13.132 - - [22/Oct/2023:09:51:14 +0000] "GET /portfolio/html/images/iphone%2015%20pro.png HTTP/1.1" 404 196 "http://apple-samsungmarket114.com/" "Mozilla/5.0 (X11; Linux x86_64) AppleWebKit/537.36 (KHTML, like Gecko) Chrome/112.0.5615.165 Safari/537.36"
38.95.13.132 - - [22/Oct/2023:09:51:15 +0000] "GET /portfolio/html/images/iphone%2015%20pro%20max.png HTTP/1.1" 404 196 "http://apple-samsungmarket114.com/" "Mozilla/5.0 (X11; Linux x86_64) AppleWebKit/537.36 (KHTML, like Gecko) Chrome/112.0.5615.165 Safari/537.36"
92.16.219.73 - - [22/Oct/2023:09:51:15 +0000] "GET /portfolio/html/js/theme-vendors.min.js HTTP/1.1" 404 196 "http://apple-samsungmarket114.com/" "Mozilla/5.0 (Android 11; Mobile; rv:109.0) Gecko/113.0 Firefox/113.0"
92.16.219.73 - - [22/Oct/2023:09:51:15 +0000] "GET /portfolio/html/js/main.js HTTP/1.1" 404 196 "http://apple-samsungmarket114.com/" "Mozilla/5.0 (Android 11; Mobile; rv:109.0) Gecko/113.0 Firefox/113.0"
38.95.13.132 - - [22/Oct/2023:09:51:15 +0000] "GET /portfolio/html/images/iphone%2015.png HTTP/1.1" 404 196 "http://apple-samsungmarket114.com/" "Mozilla/5.0 (X11; Linux x86_64) AppleWebKit/537.36 (KHTML, like Gecko) Chrome/112.0.5615.165 Safari/537.36"
92.16.219.73 - - [22/Oct/2023:09:51:16 +0000] "GET /portfolio/html/images/galaxy%20s23%20plus.png HTTP/1.1" 404 196 "http://apple-samsungmarket114.com/" "Mozilla/5.0 (Android 11; Mobile; rv:109.0) Gecko/113.0 Firefox/113.0"
92.16.219.73 - - [22/Oct/2023:09:51:16 +0000] "GET /portfolio/html/images/galaxy%20s23.png HTTP/1.1" 404 196 "http://apple-samsungmarket114.com/" "Mozilla/5.0 (Android 11; Mobile; rv:109.0) Gecko/113.0 Firefox/113.0"
92.16.219.73 - - [22/Oct/2023:09:51:16 +0000] "GET /portfolio/html/images/iphone%2014.png HTTP/1.1" 404 196 "http://apple-samsungmarket114.com/" "Mozilla/5.0 (Android 11; Mobile; rv:109.0) Gecko/113.0 Firefox/113.0"
92.16.219.73 - - [22/Oct/2023:09:51:18 +0000] "GET /portfolio/html/images/galaxy%20quantom%204.png HTTP/1.1" 404 196 "http://apple-samsungmarket114.com/" "Mozilla/5.0 (Android 11; Mobile; rv:109.0) Gecko/113.0 Firefox/113.0"
92.16.219.73 - - [22/Oct/2023:09:51:18 +0000] "GET /portfolio/html/images/airpod%20max.png HTTP/1.1" 404 196 "http://apple-samsungmarket114.com/" "Mozilla/5.0 (Android 11; Mobile; rv:109.0) Gecko/113.0 Firefox/113.0"
92.16.219.73 - - [22/Oct/2023:09:51:18 +0000] "GET /portfolio/html/images/iphone%2014%20pro.png HTTP/1.1" 404 196 "http://apple-samsungmarket114.com/" "Mozilla/5.0 (Android 11; Mobile; rv:109.0) Gecko/113.0 Firefox/113.0"
92.16.219.73 - - [22/Oct/2023:09:51:18 +0000] "GET /portfolio/html/images/iphone%2015%20pro.png HTTP/1.1" 404 196 "http://apple-samsungmarket114.com/" "Mozilla/5.0 (Android 11; Mobile; rv:109.0) Gecko/113.0 Firefox/113.0"
92.16.219.73 - - [22/Oct/2023:09:51:19 +0000] "GET /portfolio/html/images/iphone%2015%20pro%20max.png HTTP/1.1" 404 196 "http://apple-samsungmarket114.com/" "Mozilla/5.0 (Android 11; Mobile; rv:109.0) Gecko/113.0 Firefox/113.0"
92.16.219.73 - - [22/Oct/2023:09:51:20 +0000] "GET /portfolio/html/images/iphone%2015.png HTTP/1.1" 404 196 "http://apple-samsungmarket114.com/" "Mozilla/5.0 (Android 11; Mobile; rv:109.0) Gecko/113.0 Firefox/113.0"
38.95.13.132 - - [22/Oct/2023:09:51:49 +0000] "GET /portfolio/html/css/font-icons.min.css HTTP/1.1" 404 196 "http://apple-samsungmarket114.com/" "Mozilla/5.0 (X11; Linux x86_64) AppleWebKit/537.36 (KHTML, like Gecko) Chrome/112.0.5615.165 Safari/537.36"
38.95.13.132 - - [22/Oct/2023:09:51:49 +0000] "GET /portfolio/html/css/theme-vendors.min.css HTTP/1.1" 404 196 "http://apple-samsungmarket114.com/" "Mozilla/5.0 (X11; Linux x86_64) AppleWebKit/537.36 (KHTML, like Gecko) Chrome/112.0.5615.165 Safari/537.36"
38.95.13.132 - - [22/Oct/2023:09:51:49 +0000] "GET /portfolio/html/css/style.css HTTP/1.1" 404 196 "http://apple-samsungmarket114.com/" "Mozilla/5.0 (X11; Linux x86_64) AppleWebKit/537.36 (KHTML, like Gecko) Chrome/112.0.5615.165 Safari/537.36"
38.95.13.132 - - [22/Oct/2023:09:51:49 +0000] "GET /css/styles.html HTTP/1.1" 200 228 "http://apple-samsungmarket114.com/" "Mozilla/5.0 (X11; Linux x86_64) AppleWebKit/537.36 (KHTML, like Gecko) Chrome/112.0.5615.165 Safari/537.36"
38.95.13.132 - - [22/Oct/2023:09:51:49 +0000] "GET /portfolio/html/css/responsive.css HTTP/1.1" 404 196 "http://apple-samsungmarket114.com/" "Mozilla/5.0 (X11; Linux x86_64) AppleWebKit/537.36 (KHTML, like Gecko) Chrome/112.0.5615.165 Safari/537.36"
38.95.13.132 - - [22/Oct/2023:09:51:48 +0000] "GET / HTTP/1.1" 200 147371 "-" "Mozilla/5.0 (X11; Linux x86_64) AppleWebKit/537.36 (KHTML, like Gecko) Chrome/112.0.5615.165 Safari/537.36"
38.95.13.132 - - [22/Oct/2023:09:51:49 +0000] "GET /portfolio/html/css/font-icons.min.html HTTP/1.1" 404 196 "http://apple-samsungmarket114.com/" "Mozilla/5.0 (X11; Linux x86_64) AppleWebKit/537.36 (KHTML, like Gecko) Chrome/112.0.5615.165 Safari/537.36"
38.95.13.132 - - [22/Oct/2023:09:51:49 +0000] "GET /portfolio/html/css/theme-vendors.min.html HTTP/1.1" 404 196 "http://apple-samsungmarket114.com/" "Mozilla/5.0 (X11; Linux x86_64) AppleWebKit/537.36 (KHTML, like Gecko) Chrome/112.0.5615.165 Safari/537.36"
38.95.13.132 - - [22/Oct/2023:09:51:49 +0000] "GET /portfolio/html/css/style.html HTTP/1.1" 404 196 "http://apple-samsungmarket114.com/" "Mozilla/5.0 (X11; Linux x86_64) AppleWebKit/537.36 (KHTML, like Gecko) Chrome/112.0.5615.165 Safari/537.36"
38.95.13.132 - - [22/Oct/2023:09:51:49 +0000] "GET /portfolio/html/css/responsive.html HTTP/1.1" 404 196 "http://apple-samsungmarket114.com/" "Mozilla/5.0 (X11; Linux x86_64) AppleWebKit/537.36 (KHTML, like Gecko) Chrome/112.0.5615.165 Safari/537.36"
38.95.13.132 - - [22/Oct/2023:09:51:50 +0000] "GET /img/apple-touch-icon.png HTTP/1.1" 404 196 "http://apple-samsungmarket114.com/" "Mozilla/5.0 (X11; Linux x86_64) AppleWebKit/537.36 (KHTML, like Gecko) Chrome/112.0.5615.165 Safari/537.36"
38.95.13.132 - - [22/Oct/2023:09:51:50 +0000] "GET /portfolio/html/images/icon_2.png HTTP/1.1" 404 196 "http://apple-samsungmarket114.com/" "Mozilla/5.0 (X11; Linux x86_64) AppleWebKit/537.36 (KHTML, like Gecko) Chrome/112.0.5615.165 Safari/537.36"
38.95.13.132 - - [22/Oct/2023:09:51:50 +0000] "GET /img/mod.png HTTP/1.1" 404 196 "http://apple-samsungmarket114.com/" "Mozilla/5.0 (X11; Linux x86_64) AppleWebKit/537.36 (KHTML, like Gecko) Chrome/112.0.5615.165 Safari/537.36"
38.95.13.132 - - [22/Oct/2023:09:51:50 +0000] "GET /portfolio/html/images/icon_1.png HTTP/1.1" 404 196 "http://apple-samsungmarket114.com/" "Mozilla/5.0 (X11; Linux x86_64) AppleWebKit/537.36 (KHTML, like Gecko) Chrome/112.0.5615.165 Safari/537.36"
38.95.13.132 - - [22/Oct/2023:09:51:50 +0000] "GET /portfolio/html/images/icon_3.png HTTP/1.1" 404 196 "http://apple-samsungmarket114.com/" "Mozilla/5.0 (X11; Linux x86_64) AppleWebKit/537.36 (KHTML, like Gecko) Chrome/112.0.5615.165 Safari/537.36"
38.95.13.132 - - [22/Oct/2023:09:51:50 +0000] "GET /portfolio/html/images/galaxy%20ultra.png HTTP/1.1" 404 196 "http://apple-samsungmarket114.com/" "Mozilla/5.0 (X11; Linux x86_64) AppleWebKit/537.36 (KHTML, like Gecko) Chrome/112.0.5615.165 Safari/537.36"
38.95.13.132 - - [22/Oct/2023:09:51:51 +0000] "GET /portfolio/html/images/iphone_drop3.png HTTP/1.1" 404 196 "http://apple-samsungmarket114.com/" "Mozilla/5.0 (X11; Linux x86_64) AppleWebKit/537.36 (KHTML, like Gecko) Chrome/112.0.5615.165 Safari/537.36"
38.95.13.132 - - [22/Oct/2023:09:51:51 +0000] "GET /portfolio/html/images/galaxy%20s23%20plus.png HTTP/1.1" 404 196 "http://apple-samsungmarket114.com/" "Mozilla/5.0 (X11; Linux x86_64) AppleWebKit/537.36 (KHTML, like Gecko) Chrome/112.0.5615.165 Safari/537.36"
38.95.13.132 - - [22/Oct/2023:09:51:51 +0000] "GET /portfolio/html/images/iphone%2014%20pro.png HTTP/1.1" 404 196 "http://apple-samsungmarket114.com/" "Mozilla/5.0 (X11; Linux x86_64) AppleWebKit/537.36 (KHTML, like Gecko) Chrome/112.0.5615.165 Safari/537.36"
38.95.13.132 - - [22/Oct/2023:09:51:51 +0000] "GET /portfolio/html/images/iphone_main3.png HTTP/1.1" 404 196 "http://apple-samsungmarket114.com/" "Mozilla/5.0 (X11; Linux x86_64) AppleWebKit/537.36 (KHTML, like Gecko) Chrome/112.0.5615.165 Safari/537.36"
38.95.13.132 - - [22/Oct/2023:09:51:51 +0000] "GET /portfolio/html/images/iphone%2014.png HTTP/1.1" 404 196 "http://apple-samsungmarket114.com/" "Mozilla/5.0 (X11; Linux x86_64) AppleWebKit/537.36 (KHTML, like Gecko) Chrome/112.0.5615.165 Safari/537.36"
38.95.13.132 - - [22/Oct/2023:09:51:51 +0000] "GET /portfolio/html/images/zfold%205.png HTTP/1.1" 404 196 "http://apple-samsungmarket114.com/" "Mozilla/5.0 (X11; Linux x86_64) AppleWebKit/537.36 (KHTML, like Gecko) Chrome/112.0.5615.165 Safari/537.36"
38.95.13.132 - - [22/Oct/2023:09:51:51 +0000] "GET /portfolio/html/images/galaxy%20s23.png HTTP/1.1" 404 196 "http://apple-samsungmarket114.com/" "Mozilla/5.0 (X11; Linux x86_64) AppleWebKit/537.36 (KHTML, like Gecko) Chrome/112.0.5615.165 Safari/537.36"
38.95.13.132 - - [22/Oct/2023:09:51:51 +0000] "GET /portfolio/html/js/theme-vendors.min.js HTTP/1.1" 404 196 "http://apple-samsungmarket114.com/" "Mozilla/5.0 (X11; Linux x86_64) AppleWebKit/537.36 (KHTML, like Gecko) Chrome/112.0.5615.165 Safari/537.36"
38.95.13.132 - - [22/Oct/2023:09:51:51 +0000] "GET /portfolio/html/js/jquery.min.js HTTP/1.1" 404 196 "http://apple-samsungmarket114.com/" "Mozilla/5.0 (X11; Linux x86_64) AppleWebKit/537.36 (KHTML, like Gecko) Chrome/112.0.5615.165 Safari/537.36"
38.95.13.132 - - [22/Oct/2023:09:51:51 +0000] "GET /portfolio/html/js/main.js HTTP/1.1" 404 196 "http://apple-samsungmarket114.com/" "Mozilla/5.0 (X11; Linux x86_64) AppleWebKit/537.36 (KHTML, like Gecko) Chrome/112.0.5615.165 Safari/537.36"
38.95.13.132 - - [22/Oct/2023:09:51:52 +0000] "GET /portfolio/html/images/galaxy%20quantom%204.png HTTP/1.1" 404 196 "http://apple-samsungmarket114.com/" "Mozilla/5.0 (X11; Linux x86_64) AppleWebKit/537.36 (KHTML, like Gecko) Chrome/112.0.5615.165 Safari/537.36"
38.95.13.132 - - [22/Oct/2023:09:51:52 +0000] "GET /portfolio/html/images/iphone%2015%20pro.png HTTP/1.1" 404 196 "http://apple-samsungmarket114.com/" "Mozilla/5.0 (X11; Linux x86_64) AppleWebKit/537.36 (KHTML, like Gecko) Chrome/112.0.5615.165 Safari/537.36"
38.95.13.132 - - [22/Oct/2023:09:51:52 +0000] "GET /portfolio/html/images/airpod%20max.png HTTP/1.1" 404 196 "http://apple-samsungmarket114.com/" "Mozilla/5.0 (X11; Linux x86_64) AppleWebKit/537.36 (KHTML, like Gecko) Chrome/112.0.5615.165 Safari/537.36"
45.120.200.166 - - [22/Oct/2023:09:51:51 +0000] "GET / HTTP/1.1" 200 147371 "-" "Mozilla/5.0 (Android 11; Mobile; rv:109.0) Gecko/113.0 Firefox/113.0"
38.95.13.132 - - [22/Oct/2023:09:51:52 +0000] "GET /portfolio/html/images/iphone%2015%20pro%20max.png HTTP/1.1" 404 196 "http://apple-samsungmarket114.com/" "Mozilla/5.0 (X11; Linux x86_64) AppleWebKit/537.36 (KHTML, like Gecko) Chrome/112.0.5615.165 Safari/537.36"
38.95.13.132 - - [22/Oct/2023:09:51:52 +0000] "GET /portfolio/html/images/iphone%2015.png HTTP/1.1" 404 196 "http://apple-samsungmarket114.com/" "Mozilla/5.0 (X11; Linux x86_64) AppleWebKit/537.36 (KHTML, like Gecko) Chrome/112.0.5615.165 Safari/537.36"
38.95.13.132 - - [22/Oct/2023:09:51:52 +0000] "GET /portfolio/html/images/iphone%2015%20plus.png HTTP/1.1" 404 196 "http://apple-samsungmarket114.com/" "Mozilla/5.0 (X11; Linux x86_64) AppleWebKit/537.36 (KHTML, like Gecko) Chrome/112.0.5615.165 Safari/537.36"
38.95.13.132 - - [22/Oct/2023:09:51:52 +0000] "GET /portfolio/html/images/ipad%20pro%20sell%20model.png HTTP/1.1" 404 196 "http://apple-samsungmarket114.com/" "Mozilla/5.0 (X11; Linux x86_64) AppleWebKit/537.36 (KHTML, like Gecko) Chrome/112.0.5615.165 Safari/537.36"
38.95.13.132 - - [22/Oct/2023:09:51:52 +0000] "GET /portfolio/html/images/ipadpro%20wifi%20model.png HTTP/1.1" 404 196 "http://apple-samsungmarket114.com/" "Mozilla/5.0 (X11; Linux x86_64) AppleWebKit/537.36 (KHTML, like Gecko) Chrome/112.0.5615.165 Safari/537.36"
38.95.13.132 - - [22/Oct/2023:09:51:53 +0000] "GET /portfolio/html/images/ipad%20mini%20wifi.png HTTP/1.1" 404 196 "http://apple-samsungmarket114.com/" "Mozilla/5.0 (X11; Linux x86_64) AppleWebKit/537.36 (KHTML, like Gecko) Chrome/112.0.5615.165 Safari/537.36"
38.95.13.132 - - [22/Oct/2023:09:51:53 +0000] "GET /portfolio/html/images/ipad%20air%20wifi.png HTTP/1.1" 404 196 "http://apple-samsungmarket114.com/" "Mozilla/5.0 (X11; Linux x86_64) AppleWebKit/537.36 (KHTML, like Gecko) Chrome/112.0.5615.165 Safari/537.36"
38.95.13.132 - - [22/Oct/2023:09:51:53 +0000] "GET /portfolio/html/images/ipad%20mini%20sell.png HTTP/1.1" 404 196 "http://apple-samsungmarket114.com/" "Mozilla/5.0 (X11; Linux x86_64) AppleWebKit/537.36 (KHTML, like Gecko) Chrome/112.0.5615.165 Safari/537.36"
45.120.200.166 - - [22/Oct/2023:09:51:53 +0000] "GET /portfolio/html/css/font-icons.min.css HTTP/1.1" 404 196 "http://apple-samsungmarket114.com/" "Mozilla/5.0 (Android 11; Mobile; rv:109.0) Gecko/113.0 Firefox/113.0"
45.120.200.166 - - [22/Oct/2023:09:51:53 +0000] "GET /portfolio/html/css/style.css HTTP/1.1" 404 196 "http://apple-samsungmarket114.com/" "Mozilla/5.0 (Android 11; Mobile; rv:109.0) Gecko/113.0 Firefox/113.0"
38.95.13.132 - - [22/Oct/2023:09:51:53 +0000] "GET /portfolio/html/images/ipad%20air%20sell.png HTTP/1.1" 404 196 "http://apple-samsungmarket114.com/" "Mozilla/5.0 (X11; Linux x86_64) AppleWebKit/537.36 (KHTML, like Gecko) Chrome/112.0.5615.165 Safari/537.36"
45.120.200.166 - - [22/Oct/2023:09:51:54 +0000] "GET /portfolio/html/css/theme-vendors.min.css HTTP/1.1" 404 196 "http://apple-samsungmarket114.com/" "Mozilla/5.0 (Android 11; Mobile; rv:109.0) Gecko/113.0 Firefox/113.0"
38.95.13.132 - - [22/Oct/2023:09:51:54 +0000] "GET /portfolio/html/images/newipad%20sell.png HTTP/1.1" 404 196 "http://apple-samsungmarket114.com/" "Mozilla/5.0 (X11; Linux x86_64) AppleWebKit/537.36 (KHTML, like Gecko) Chrome/112.0.5615.165 Safari/537.36"
38.95.13.132 - - [22/Oct/2023:09:51:54 +0000] "GET /portfolio/html/images/calendar.png HTTP/1.1" 404 196 "http://apple-samsungmarket114.com/" "Mozilla/5.0 (X11; Linux x86_64) AppleWebKit/537.36 (KHTML, like Gecko) Chrome/112.0.5615.165 Safari/537.36"
38.95.13.132 - - [22/Oct/2023:09:51:54 +0000] "GET /portfolio/html/images/step1.png HTTP/1.1" 404 196 "http://apple-samsungmarket114.com/" "Mozilla/5.0 (X11; Linux x86_64) AppleWebKit/537.36 (KHTML, like Gecko) Chrome/112.0.5615.165 Safari/537.36"
38.95.13.132 - - [22/Oct/2023:09:51:54 +0000] "GET /portfolio/html/images/newipad%2010%20wifi.png HTTP/1.1" 404 196 "http://apple-samsungmarket114.com/" "Mozilla/5.0 (X11; Linux x86_64) AppleWebKit/537.36 (KHTML, like Gecko) Chrome/112.0.5615.165 Safari/537.36"
45.120.200.166 - - [22/Oct/2023:09:51:54 +0000] "GET /portfolio/html/css/font-icons.min.html HTTP/1.1" 404 196 "http://apple-samsungmarket114.com/" "Mozilla/5.0 (Android 11; Mobile; rv:109.0) Gecko/113.0 Firefox/113.0"
38.95.13.132 - - [22/Oct/2023:09:51:54 +0000] "GET /portfolio/html/images/step2.png HTTP/1.1" 404 196 "http://apple-samsungmarket114.com/" "Mozilla/5.0 (X11; Linux x86_64) AppleWebKit/537.36 (KHTML, like Gecko) Chrome/112.0.5615.165 Safari/537.36"
38.95.13.132 - - [22/Oct/2023:09:51:55 +0000] "GET /portfolio/html/images/step3.png HTTP/1.1" 404 196 "http://apple-samsungmarket114.com/" "Mozilla/5.0 (X11; Linux x86_64) AppleWebKit/537.36 (KHTML, like Gecko) Chrome/112.0.5615.165 Safari/537.36"
45.120.200.166 - - [22/Oct/2023:09:51:55 +0000] "GET /portfolio/html/css/responsive.css HTTP/1.1" 404 196 "http://apple-samsungmarket114.com/" "Mozilla/5.0 (Android 11; Mobile; rv:109.0) Gecko/113.0 Firefox/113.0"
38.95.13.132 - - [22/Oct/2023:09:51:55 +0000] "GET /portfolio/html/images/step4.png HTTP/1.1" 404 196 "http://apple-samsungmarket114.com/" "Mozilla/5.0 (X11; Linux x86_64) AppleWebKit/537.36 (KHTML, like Gecko) Chrome/112.0.5615.165 Safari/537.36"
38.95.13.132 - - [22/Oct/2023:09:51:55 +0000] "GET /portfolio/html/images/1.png HTTP/1.1" 404 196 "http://apple-samsungmarket114.com/" "Mozilla/5.0 (X11; Linux x86_64) AppleWebKit/537.36 (KHTML, like Gecko) Chrome/112.0.5615.165 Safari/537.36"
45.120.200.166 - - [22/Oct/2023:09:51:55 +0000] "GET /portfolio/html/css/theme-vendors.min.html HTTP/1.1" 404 196 "http://apple-samsungmarket114.com/" "Mozilla/5.0 (Android 11; Mobile; rv:109.0) Gecko/113.0 Firefox/113.0"
38.95.13.132 - - [22/Oct/2023:09:51:55 +0000] "GET /portfolio/html/images/3.png HTTP/1.1" 404 196 "http://apple-samsungmarket114.com/" "Mozilla/5.0 (X11; Linux x86_64) AppleWebKit/537.36 (KHTML, like Gecko) Chrome/112.0.5615.165 Safari/537.36"
45.120.200.166 - - [22/Oct/2023:09:51:55 +0000] "GET /portfolio/html/css/responsive.html HTTP/1.1" 404 196 "http://apple-samsungmarket114.com/" "Mozilla/5.0 (Android 11; Mobile; rv:109.0) Gecko/113.0 Firefox/113.0"
38.95.13.132 - - [22/Oct/2023:09:51:55 +0000] "GET /portfolio/html/images/2.png HTTP/1.1" 404 196 "http://apple-samsungmarket114.com/" "Mozilla/5.0 (X11; Linux x86_64) AppleWebKit/537.36 (KHTML, like Gecko) Chrome/112.0.5615.165 Safari/537.36"
38.95.13.132 - - [22/Oct/2023:09:51:55 +0000] "GET /portfolio/html/images/10.png HTTP/1.1" 404 196 "http://apple-samsungmarket114.com/" "Mozilla/5.0 (X11; Linux x86_64) AppleWebKit/537.36 (KHTML, like Gecko) Chrome/112.0.5615.165 Safari/537.36"
38.95.13.132 - - [22/Oct/2023:09:51:55 +0000] "GET /portfolio/html/images/8.png HTTP/1.1" 404 196 "http://apple-samsungmarket114.com/" "Mozilla/5.0 (X11; Linux x86_64) AppleWebKit/537.36 (KHTML, like Gecko) Chrome/112.0.5615.165 Safari/537.36"
45.120.200.166 - - [22/Oct/2023:09:51:56 +0000] "GET /img/apple-touch-icon.png HTTP/1.1" 404 196 "http://apple-samsungmarket114.com/" "Mozilla/5.0 (Android 11; Mobile; rv:109.0) Gecko/113.0 Firefox/113.0"
38.95.13.132 - - [22/Oct/2023:09:51:56 +0000] "GET /portfolio/html/images/iphone_logo2.png HTTP/1.1" 404 196 "http://apple-samsungmarket114.com/" "Mozilla/5.0 (X11; Linux x86_64) AppleWebKit/537.36 (KHTML, like Gecko) Chrome/112.0.5615.165 Safari/537.36"
38.95.13.132 - - [22/Oct/2023:09:51:56 +0000] "GET /portfolio/html/images/iphone_benefit.png HTTP/1.1" 404 196 "http://apple-samsungmarket114.com/" "Mozilla/5.0 (X11; Linux x86_64) AppleWebKit/537.36 (KHTML, like Gecko) Chrome/112.0.5615.165 Safari/537.36"
38.95.13.132 - - [22/Oct/2023:09:51:56 +0000] "GET /img/button_ka.png HTTP/1.1" 404 196 "http://apple-samsungmarket114.com/" "Mozilla/5.0 (X11; Linux x86_64) AppleWebKit/537.36 (KHTML, like Gecko) Chrome/112.0.5615.165 Safari/537.36"
38.95.13.132 - - [22/Oct/2023:09:51:56 +0000] "GET /portfolio/html/images/iphone_logo3.png HTTP/1.1" 404 196 "http://apple-samsungmarket114.com/" "Mozilla/5.0 (X11; Linux x86_64) AppleWebKit/537.36 (KHTML, like Gecko) Chrome/112.0.5615.165 Safari/537.36"
45.120.200.166 - - [22/Oct/2023:09:51:56 +0000] "GET /img/mod.png HTTP/1.1" 404 196 "http://apple-samsungmarket114.com/" "Mozilla/5.0 (Android 11; Mobile; rv:109.0) Gecko/113.0 Firefox/113.0"
38.95.13.132 - - [22/Oct/2023:09:51:56 +0000] "GET /portfolio/html/images/iphone_logo1.png HTTP/1.1" 404 196 "http://apple-samsungmarket114.com/" "Mozilla/5.0 (X11; Linux x86_64) AppleWebKit/537.36 (KHTML, like Gecko) Chrome/112.0.5615.165 Safari/537.36"
45.120.200.166 - - [22/Oct/2023:09:51:56 +0000] "GET /portfolio/html/css/style.html HTTP/1.1" 404 196 "http://apple-samsungmarket114.com/" "Mozilla/5.0 (Android 11; Mobile; rv:109.0) Gecko/113.0 Firefox/113.0"
45.120.200.166 - - [22/Oct/2023:09:51:56 +0000] "GET /portfolio/html/js/theme-vendors.min.js HTTP/1.1" 404 196 "http://apple-samsungmarket114.com/" "Mozilla/5.0 (Android 11; Mobile; rv:109.0) Gecko/113.0 Firefox/113.0"
45.120.200.166 - - [22/Oct/2023:09:51:56 +0000] "GET /portfolio/html/js/jquery.min.js HTTP/1.1" 404 196 "http://apple-samsungmarket114.com/" "Mozilla/5.0 (Android 11; Mobile; rv:109.0) Gecko/113.0 Firefox/113.0"
38.95.13.132 - - [22/Oct/2023:09:51:56 +0000] "GET /img/button_call.png HTTP/1.1" 404 196 "http://apple-samsungmarket114.com/" "Mozilla/5.0 (X11; Linux x86_64) AppleWebKit/537.36 (KHTML, like Gecko) Chrome/112.0.5615.165 Safari/537.36"
45.120.200.166 - - [22/Oct/2023:09:51:56 +0000] "GET /portfolio/html/images/icon_1.png HTTP/1.1" 404 196 "http://apple-samsungmarket114.com/" "Mozilla/5.0 (Android 11; Mobile; rv:109.0) Gecko/113.0 Firefox/113.0"
38.95.13.132 - - [22/Oct/2023:09:51:56 +0000] "GET /img/apple-touch-icon.png HTTP/1.1" 404 196 "http://apple-samsungmarket114.com/" "Mozilla/5.0 (X11; Linux x86_64) AppleWebKit/537.36 (KHTML, like Gecko) Chrome/112.0.5615.165 Safari/537.36"
45.120.200.166 - - [22/Oct/2023:09:51:56 +0000] "GET /portfolio/html/images/icon_3.png HTTP/1.1" 404 196 "http://apple-samsungmarket114.com/" "Mozilla/5.0 (Android 11; Mobile; rv:109.0) Gecko/113.0 Firefox/113.0"
45.120.200.166 - - [22/Oct/2023:09:51:56 +0000] "GET /portfolio/html/images/icon_2.png HTTP/1.1" 404 196 "http://apple-samsungmarket114.com/" "Mozilla/5.0 (Android 11; Mobile; rv:109.0) Gecko/113.0 Firefox/113.0"
45.120.200.166 - - [22/Oct/2023:09:51:57 +0000] "GET /portfolio/html/images/iphone_drop3.png HTTP/1.1" 404 196 "http://apple-samsungmarket114.com/" "Mozilla/5.0 (Android 11; Mobile; rv:109.0) Gecko/113.0 Firefox/113.0"
45.120.200.166 - - [22/Oct/2023:09:51:57 +0000] "GET /css/styles.html HTTP/1.1" 200 228 "http://apple-samsungmarket114.com/" "Mozilla/5.0 (Android 11; Mobile; rv:109.0) Gecko/113.0 Firefox/113.0"
45.120.200.166 - - [22/Oct/2023:09:51:57 +0000] "GET /portfolio/html/images/galaxy%20ultra.png HTTP/1.1" 404 196 "http://apple-samsungmarket114.com/" "Mozilla/5.0 (Android 11; Mobile; rv:109.0) Gecko/113.0 Firefox/113.0"
45.120.200.166 - - [22/Oct/2023:09:51:57 +0000] "GET /portfolio/html/images/galaxy%20s23.png HTTP/1.1" 404 196 "http://apple-samsungmarket114.com/" "Mozilla/5.0 (Android 11; Mobile; rv:109.0) Gecko/113.0 Firefox/113.0"
45.120.200.166 - - [22/Oct/2023:09:51:57 +0000] "GET /portfolio/html/images/galaxy%20quantom%204.png HTTP/1.1" 404 196 "http://apple-samsungmarket114.com/" "Mozilla/5.0 (Android 11; Mobile; rv:109.0) Gecko/113.0 Firefox/113.0"
45.120.200.166 - - [22/Oct/2023:09:51:57 +0000] "GET /portfolio/html/js/main.js HTTP/1.1" 404 196 "http://apple-samsungmarket114.com/" "Mozilla/5.0 (Android 11; Mobile; rv:109.0) Gecko/113.0 Firefox/113.0"
45.120.200.166 - - [22/Oct/2023:09:51:57 +0000] "GET /portfolio/html/images/zfold%205.png HTTP/1.1" 404 196 "http://apple-samsungmarket114.com/" "Mozilla/5.0 (Android 11; Mobile; rv:109.0) Gecko/113.0 Firefox/113.0"
45.120.200.166 - - [22/Oct/2023:09:51:58 +0000] "GET /portfolio/html/images/iphone%2014.png HTTP/1.1" 404 196 "http://apple-samsungmarket114.com/" "Mozilla/5.0 (Android 11; Mobile; rv:109.0) Gecko/113.0 Firefox/113.0"
45.120.200.166 - - [22/Oct/2023:09:51:58 +0000] "GET /portfolio/html/images/iphone%2015%20pro.png HTTP/1.1" 404 196 "http://apple-samsungmarket114.com/" "Mozilla/5.0 (Android 11; Mobile; rv:109.0) Gecko/113.0 Firefox/113.0"
45.120.200.166 - - [22/Oct/2023:09:51:58 +0000] "GET /portfolio/html/images/iphone%2015%20pro%20max.png HTTP/1.1" 404 196 "http://apple-samsungmarket114.com/" "Mozilla/5.0 (Android 11; Mobile; rv:109.0) Gecko/113.0 Firefox/113.0"
45.120.200.166 - - [22/Oct/2023:09:51:58 +0000] "GET /portfolio/html/images/iphone%2015.png HTTP/1.1" 404 196 "http://apple-samsungmarket114.com/" "Mozilla/5.0 (Android 11; Mobile; rv:109.0) Gecko/113.0 Firefox/113.0"
45.120.200.166 - - [22/Oct/2023:09:51:58 +0000] "GET /portfolio/html/images/iphone%2015%20plus.png HTTP/1.1" 404 196 "http://apple-samsungmarket114.com/" "Mozilla/5.0 (Android 11; Mobile; rv:109.0) Gecko/113.0 Firefox/113.0"
45.120.200.166 - - [22/Oct/2023:09:51:58 +0000] "GET /portfolio/html/images/ipadpro%20wifi%20model.png HTTP/1.1" 404 196 "http://apple-samsungmarket114.com/" "Mozilla/5.0 (Android 11; Mobile; rv:109.0) Gecko/113.0 Firefox/113.0"
45.120.200.166 - - [22/Oct/2023:09:51:59 +0000] "GET /portfolio/html/images/galaxy%20s23%20plus.png HTTP/1.1" 404 196 "http://apple-samsungmarket114.com/" "Mozilla/5.0 (Android 11; Mobile; rv:109.0) Gecko/113.0 Firefox/113.0"
45.120.200.166 - - [22/Oct/2023:09:51:59 +0000] "GET /portfolio/html/images/ipad%20mini%20wifi.png HTTP/1.1" 404 196 "http://apple-samsungmarket114.com/" "Mozilla/5.0 (Android 11; Mobile; rv:109.0) Gecko/113.0 Firefox/113.0"
45.120.200.166 - - [22/Oct/2023:09:51:59 +0000] "GET /portfolio/html/images/ipad%20mini%20sell.png HTTP/1.1" 404 196 "http://apple-samsungmarket114.com/" "Mozilla/5.0 (Android 11; Mobile; rv:109.0) Gecko/113.0 Firefox/113.0"
45.120.200.166 - - [22/Oct/2023:09:51:59 +0000] "GET /portfolio/html/images/ipad%20air%20sell.png HTTP/1.1" 404 196 "http://apple-samsungmarket114.com/" "Mozilla/5.0 (Android 11; Mobile; rv:109.0) Gecko/113.0 Firefox/113.0"
45.120.200.166 - - [22/Oct/2023:09:52:00 +0000] "GET /portfolio/html/images/iphone_main3.png HTTP/1.1" 404 196 "http://apple-samsungmarket114.com/" "Mozilla/5.0 (Android 11; Mobile; rv:109.0) Gecko/113.0 Firefox/113.0"
45.120.200.166 - - [22/Oct/2023:09:52:00 +0000] "GET /portfolio/html/images/airpod%20max.png HTTP/1.1" 404 196 "http://apple-samsungmarket114.com/" "Mozilla/5.0 (Android 11; Mobile; rv:109.0) Gecko/113.0 Firefox/113.0"
45.120.200.166 - - [22/Oct/2023:09:52:00 +0000] "GET /portfolio/html/images/newipad%20sell.png HTTP/1.1" 404 196 "http://apple-samsungmarket114.com/" "Mozilla/5.0 (Android 11; Mobile; rv:109.0) Gecko/113.0 Firefox/113.0"
45.120.200.166 - - [22/Oct/2023:09:52:00 +0000] "GET /portfolio/html/images/calendar.png HTTP/1.1" 404 196 "http://apple-samsungmarket114.com/" "Mozilla/5.0 (Android 11; Mobile; rv:109.0) Gecko/113.0 Firefox/113.0"
45.120.200.166 - - [22/Oct/2023:09:52:00 +0000] "GET /portfolio/html/images/newipad%2010%20wifi.png HTTP/1.1" 404 196 "http://apple-samsungmarket114.com/" "Mozilla/5.0 (Android 11; Mobile; rv:109.0) Gecko/113.0 Firefox/113.0"
45.120.200.166 - - [22/Oct/2023:09:52:00 +0000] "GET /portfolio/html/images/ipad%20air%20wifi.png HTTP/1.1" 404 196 "http://apple-samsungmarket114.com/" "Mozilla/5.0 (Android 11; Mobile; rv:109.0) Gecko/113.0 Firefox/113.0"
45.120.200.166 - - [22/Oct/2023:09:52:00 +0000] "GET /portfolio/html/images/step1.png HTTP/1.1" 404 196 "http://apple-samsungmarket114.com/" "Mozilla/5.0 (Android 11; Mobile; rv:109.0) Gecko/113.0 Firefox/113.0"
45.120.200.166 - - [22/Oct/2023:09:52:01 +0000] "GET /portfolio/html/images/ipad%20pro%20sell%20model.png HTTP/1.1" 404 196 "http://apple-samsungmarket114.com/" "Mozilla/5.0 (Android 11; Mobile; rv:109.0) Gecko/113.0 Firefox/113.0"
45.120.200.166 - - [22/Oct/2023:09:52:01 +0000] "GET /portfolio/html/images/iphone%2014%20pro.png HTTP/1.1" 404 196 "http://apple-samsungmarket114.com/" "Mozilla/5.0 (Android 11; Mobile; rv:109.0) Gecko/113.0 Firefox/113.0"
45.120.200.166 - - [22/Oct/2023:09:52:01 +0000] "GET /portfolio/html/images/step2.png HTTP/1.1" 404 196 "http://apple-samsungmarket114.com/" "Mozilla/5.0 (Android 11; Mobile; rv:109.0) Gecko/113.0 Firefox/113.0"
45.120.200.166 - - [22/Oct/2023:09:52:01 +0000] "GET /portfolio/html/images/2.png HTTP/1.1" 404 196 "http://apple-samsungmarket114.com/" "Mozilla/5.0 (Android 11; Mobile; rv:109.0) Gecko/113.0 Firefox/113.0"
45.120.200.166 - - [22/Oct/2023:09:52:01 +0000] "GET /portfolio/html/images/1.png HTTP/1.1" 404 196 "http://apple-samsungmarket114.com/" "Mozilla/5.0 (Android 11; Mobile; rv:109.0) Gecko/113.0 Firefox/113.0"
45.120.200.166 - - [22/Oct/2023:09:52:01 +0000] "GET /portfolio/html/images/step4.png HTTP/1.1" 404 196 "http://apple-samsungmarket114.com/" "Mozilla/5.0 (Android 11; Mobile; rv:109.0) Gecko/113.0 Firefox/113.0"
45.120.200.166 - - [22/Oct/2023:09:52:01 +0000] "GET /portfolio/html/images/3.png HTTP/1.1" 404 196 "http://apple-samsungmarket114.com/" "Mozilla/5.0 (Android 11; Mobile; rv:109.0) Gecko/113.0 Firefox/113.0"
45.120.200.166 - - [22/Oct/2023:09:52:01 +0000] "GET /portfolio/html/images/10.png HTTP/1.1" 404 196 "http://apple-samsungmarket114.com/" "Mozilla/5.0 (Android 11; Mobile; rv:109.0) Gecko/113.0 Firefox/113.0"
45.120.200.166 - - [22/Oct/2023:09:52:01 +0000] "GET /portfolio/html/images/8.png HTTP/1.1" 404 196 "http://apple-samsungmarket114.com/" "Mozilla/5.0 (Android 11; Mobile; rv:109.0) Gecko/113.0 Firefox/113.0"
45.120.200.166 - - [22/Oct/2023:09:52:01 +0000] "GET /portfolio/html/images/iphone_benefit.png HTTP/1.1" 404 196 "http://apple-samsungmarket114.com/" "Mozilla/5.0 (Android 11; Mobile; rv:109.0) Gecko/113.0 Firefox/113.0"
45.120.200.166 - - [22/Oct/2023:09:52:02 +0000] "GET /portfolio/html/images/iphone_logo2.png HTTP/1.1" 404 196 "http://apple-samsungmarket114.com/" "Mozilla/5.0 (Android 11; Mobile; rv:109.0) Gecko/113.0 Firefox/113.0"
45.120.200.166 - - [22/Oct/2023:09:52:02 +0000] "GET /portfolio/html/images/iphone_logo1.png HTTP/1.1" 404 196 "http://apple-samsungmarket114.com/" "Mozilla/5.0 (Android 11; Mobile; rv:109.0) Gecko/113.0 Firefox/113.0"
45.120.200.166 - - [22/Oct/2023:09:52:03 +0000] "GET /portfolio/html/images/step3.png HTTP/1.1" 404 196 "http://apple-samsungmarket114.com/" "Mozilla/5.0 (Android 11; Mobile; rv:109.0) Gecko/113.0 Firefox/113.0"
45.120.200.166 - - [22/Oct/2023:09:52:03 +0000] "GET /img/button_ka.png HTTP/1.1" 404 196 "http://apple-samsungmarket114.com/" "Mozilla/5.0 (Android 11; Mobile; rv:109.0) Gecko/113.0 Firefox/113.0"
45.120.200.166 - - [22/Oct/2023:09:52:03 +0000] "GET /portfolio/html/images/iphone_logo3.png HTTP/1.1" 404 196 "http://apple-samsungmarket114.com/" "Mozilla/5.0 (Android 11; Mobile; rv:109.0) Gecko/113.0 Firefox/113.0"
45.120.200.166 - - [22/Oct/2023:09:52:03 +0000] "GET /img/button_call.png HTTP/1.1" 404 196 "http://apple-samsungmarket114.com/" "Mozilla/5.0 (Android 11; Mobile; rv:109.0) Gecko/113.0 Firefox/113.0"
45.120.200.166 - - [22/Oct/2023:09:52:04 +0000] "GET /img/apple-touch-icon.png HTTP/1.1" 404 196 "http://apple-samsungmarket114.com/" "Mozilla/5.0 (Android 11; Mobile; rv:109.0) Gecko/113.0 Firefox/113.0"
45.120.200.166 - - [22/Oct/2023:09:52:10 +0000] "GET /iphone/assets/favicon-32x32.html HTTP/1.1" 404 196 "http://apple-samsungmarket114.com/" "Mozilla/5.0 (Android 11; Mobile; rv:109.0) Gecko/113.0 Firefox/113.0"
45.120.200.166 - - [22/Oct/2023:09:52:11 +0000] "GET /portfolio/html/images/favicon-32x32.html HTTP/1.1" 404 196 "http://apple-samsungmarket114.com/" "Mozilla/5.0 (Android 11; Mobile; rv:109.0) Gecko/113.0 Firefox/113.0"
45.120.200.166 - - [22/Oct/2023:09:52:11 +0000] "GET /assets/favicon-32x32.html HTTP/1.1" 404 196 "http://apple-samsungmarket114.com/" "Mozilla/5.0 (Android 11; Mobile; rv:109.0) Gecko/113.0 Firefox/113.0"
45.120.200.166 - - [22/Oct/2023:09:52:12 +0000] "GET /portfolio/html/images/favicon-32x32.png HTTP/1.1" 404 196 "http://apple-samsungmarket114.com/" "Mozilla/5.0 (Android 11; Mobile; rv:109.0) Gecko/113.0 Firefox/113.0"
38.95.13.132 - - [22/Oct/2023:09:52:50 +0000] "GET /css/styles.html HTTP/1.1" 200 228 "http://apple-samsungmarket114.com/" "Mozilla/5.0 (X11; Linux x86_64) AppleWebKit/537.36 (KHTML, like Gecko) Chrome/112.0.5615.165 Safari/537.36"
38.95.13.132 - - [22/Oct/2023:09:52:50 +0000] "GET /portfolio/html/css/theme-vendors.min.css HTTP/1.1" 404 196 "http://apple-samsungmarket114.com/" "Mozilla/5.0 (X11; Linux x86_64) AppleWebKit/537.36 (KHTML, like Gecko) Chrome/112.0.5615.165 Safari/537.36"
38.95.13.132 - - [22/Oct/2023:09:52:50 +0000] "GET /portfolio/html/css/font-icons.min.css HTTP/1.1" 404 196 "http://apple-samsungmarket114.com/" "Mozilla/5.0 (X11; Linux x86_64) AppleWebKit/537.36 (KHTML, like Gecko) Chrome/112.0.5615.165 Safari/537.36"
38.95.13.132 - - [22/Oct/2023:09:52:50 +0000] "GET /portfolio/html/css/style.css HTTP/1.1" 404 196 "http://apple-samsungmarket114.com/" "Mozilla/5.0 (X11; Linux x86_64) AppleWebKit/537.36 (KHTML, like Gecko) Chrome/112.0.5615.165 Safari/537.36"
38.95.13.132 - - [22/Oct/2023:09:52:50 +0000] "GET /portfolio/html/css/responsive.css HTTP/1.1" 404 196 "http://apple-samsungmarket114.com/" "Mozilla/5.0 (X11; Linux x86_64) AppleWebKit/537.36 (KHTML, like Gecko) Chrome/112.0.5615.165 Safari/537.36"
38.95.13.132 - - [22/Oct/2023:09:52:49 +0000] "GET / HTTP/1.1" 200 147371 "-" "Mozilla/5.0 (X11; Linux x86_64) AppleWebKit/537.36 (KHTML, like Gecko) Chrome/112.0.5615.165 Safari/537.36"
38.95.13.132 - - [22/Oct/2023:09:52:51 +0000] "GET /portfolio/html/css/font-icons.min.html HTTP/1.1" 404 196 "http://apple-samsungmarket114.com/" "Mozilla/5.0 (X11; Linux x86_64) AppleWebKit/537.36 (KHTML, like Gecko) Chrome/112.0.5615.165 Safari/537.36"
38.95.13.132 - - [22/Oct/2023:09:52:51 +0000] "GET /portfolio/html/css/responsive.html HTTP/1.1" 404 196 "http://apple-samsungmarket114.com/" "Mozilla/5.0 (X11; Linux x86_64) AppleWebKit/537.36 (KHTML, like Gecko) Chrome/112.0.5615.165 Safari/537.36"
38.95.13.132 - - [22/Oct/2023:09:52:51 +0000] "GET /img/apple-touch-icon.png HTTP/1.1" 404 196 "http://apple-samsungmarket114.com/" "Mozilla/5.0 (X11; Linux x86_64) AppleWebKit/537.36 (KHTML, like Gecko) Chrome/112.0.5615.165 Safari/537.36"
38.95.13.132 - - [22/Oct/2023:09:52:51 +0000] "GET /portfolio/html/css/theme-vendors.min.html HTTP/1.1" 404 196 "http://apple-samsungmarket114.com/" "Mozilla/5.0 (X11; Linux x86_64) AppleWebKit/537.36 (KHTML, like Gecko) Chrome/112.0.5615.165 Safari/537.36"
38.95.13.132 - - [22/Oct/2023:09:52:51 +0000] "GET /img/mod.png HTTP/1.1" 404 196 "http://apple-samsungmarket114.com/" "Mozilla/5.0 (X11; Linux x86_64) AppleWebKit/537.36 (KHTML, like Gecko) Chrome/112.0.5615.165 Safari/537.36"
38.95.13.132 - - [22/Oct/2023:09:52:51 +0000] "GET /portfolio/html/css/style.html HTTP/1.1" 404 196 "http://apple-samsungmarket114.com/" "Mozilla/5.0 (X11; Linux x86_64) AppleWebKit/537.36 (KHTML, like Gecko) Chrome/112.0.5615.165 Safari/537.36"
38.95.13.132 - - [22/Oct/2023:09:52:52 +0000] "GET /portfolio/html/js/jquery.min.js HTTP/1.1" 404 196 "http://apple-samsungmarket114.com/" "Mozilla/5.0 (X11; Linux x86_64) AppleWebKit/537.36 (KHTML, like Gecko) Chrome/112.0.5615.165 Safari/537.36"
38.95.13.132 - - [22/Oct/2023:09:52:52 +0000] "GET /portfolio/html/js/theme-vendors.min.js HTTP/1.1" 404 196 "http://apple-samsungmarket114.com/" "Mozilla/5.0 (X11; Linux x86_64) AppleWebKit/537.36 (KHTML, like Gecko) Chrome/112.0.5615.165 Safari/537.36"
38.95.13.132 - - [22/Oct/2023:09:52:52 +0000] "GET /portfolio/html/images/icon_1.png HTTP/1.1" 404 196 "http://apple-samsungmarket114.com/" "Mozilla/5.0 (X11; Linux x86_64) AppleWebKit/537.36 (KHTML, like Gecko) Chrome/112.0.5615.165 Safari/537.36"
38.95.13.132 - - [22/Oct/2023:09:52:52 +0000] "GET /portfolio/html/js/main.js HTTP/1.1" 404 196 "http://apple-samsungmarket114.com/" "Mozilla/5.0 (X11; Linux x86_64) AppleWebKit/537.36 (KHTML, like Gecko) Chrome/112.0.5615.165 Safari/537.36"
38.95.13.132 - - [22/Oct/2023:09:52:52 +0000] "GET /portfolio/html/images/icon_2.png HTTP/1.1" 404 196 "http://apple-samsungmarket114.com/" "Mozilla/5.0 (X11; Linux x86_64) AppleWebKit/537.36 (KHTML, like Gecko) Chrome/112.0.5615.165 Safari/537.36"
38.95.13.132 - - [22/Oct/2023:09:52:52 +0000] "GET /portfolio/html/images/icon_3.png HTTP/1.1" 404 196 "http://apple-samsungmarket114.com/" "Mozilla/5.0 (X11; Linux x86_64) AppleWebKit/537.36 (KHTML, like Gecko) Chrome/112.0.5615.165 Safari/537.36"
38.95.13.132 - - [22/Oct/2023:09:52:52 +0000] "GET /portfolio/html/images/galaxy%20ultra.png HTTP/1.1" 404 196 "http://apple-samsungmarket114.com/" "Mozilla/5.0 (X11; Linux x86_64) AppleWebKit/537.36 (KHTML, like Gecko) Chrome/112.0.5615.165 Safari/537.36"
38.95.13.132 - - [22/Oct/2023:09:52:52 +0000] "GET /portfolio/html/images/iphone_drop3.png HTTP/1.1" 404 196 "http://apple-samsungmarket114.com/" "Mozilla/5.0 (X11; Linux x86_64) AppleWebKit/537.36 (KHTML, like Gecko) Chrome/112.0.5615.165 Safari/537.36"
38.95.13.132 - - [22/Oct/2023:09:52:52 +0000] "GET /portfolio/html/images/galaxy%20s23%20plus.png HTTP/1.1" 404 196 "http://apple-samsungmarket114.com/" "Mozilla/5.0 (X11; Linux x86_64) AppleWebKit/537.36 (KHTML, like Gecko) Chrome/112.0.5615.165 Safari/537.36"
38.95.13.132 - - [22/Oct/2023:09:52:52 +0000] "GET /portfolio/html/images/iphone_main3.png HTTP/1.1" 404 196 "http://apple-samsungmarket114.com/" "Mozilla/5.0 (X11; Linux x86_64) AppleWebKit/537.36 (KHTML, like Gecko) Chrome/112.0.5615.165 Safari/537.36"
38.95.13.132 - - [22/Oct/2023:09:52:53 +0000] "GET /portfolio/html/images/galaxy%20s23.png HTTP/1.1" 404 196 "http://apple-samsungmarket114.com/" "Mozilla/5.0 (X11; Linux x86_64) AppleWebKit/537.36 (KHTML, like Gecko) Chrome/112.0.5615.165 Safari/537.36"
38.95.13.132 - - [22/Oct/2023:09:52:53 +0000] "GET /portfolio/html/images/iphone%2014%20pro.png HTTP/1.1" 404 196 "http://apple-samsungmarket114.com/" "Mozilla/5.0 (X11; Linux x86_64) AppleWebKit/537.36 (KHTML, like Gecko) Chrome/112.0.5615.165 Safari/537.36"
38.95.13.132 - - [22/Oct/2023:09:52:53 +0000] "GET /portfolio/html/images/iphone%2014.png HTTP/1.1" 404 196 "http://apple-samsungmarket114.com/" "Mozilla/5.0 (X11; Linux x86_64) AppleWebKit/537.36 (KHTML, like Gecko) Chrome/112.0.5615.165 Safari/537.36"
38.95.13.132 - - [22/Oct/2023:09:52:53 +0000] "GET /portfolio/html/images/zfold%205.png HTTP/1.1" 404 196 "http://apple-samsungmarket114.com/" "Mozilla/5.0 (X11; Linux x86_64) AppleWebKit/537.36 (KHTML, like Gecko) Chrome/112.0.5615.165 Safari/537.36"
38.95.13.132 - - [22/Oct/2023:09:52:53 +0000] "GET /portfolio/html/images/airpod%20max.png HTTP/1.1" 404 196 "http://apple-samsungmarket114.com/" "Mozilla/5.0 (X11; Linux x86_64) AppleWebKit/537.36 (KHTML, like Gecko) Chrome/112.0.5615.165 Safari/537.36"
38.95.13.132 - - [22/Oct/2023:09:52:53 +0000] "GET /portfolio/html/images/galaxy%20quantom%204.png HTTP/1.1" 404 196 "http://apple-samsungmarket114.com/" "Mozilla/5.0 (X11; Linux x86_64) AppleWebKit/537.36 (KHTML, like Gecko) Chrome/112.0.5615.165 Safari/537.36"
38.95.13.132 - - [22/Oct/2023:09:52:53 +0000] "GET /portfolio/html/images/iphone%2015%20pro.png HTTP/1.1" 404 196 "http://apple-samsungmarket114.com/" "Mozilla/5.0 (X11; Linux x86_64) AppleWebKit/537.36 (KHTML, like Gecko) Chrome/112.0.5615.165 Safari/537.36"
38.95.13.132 - - [22/Oct/2023:09:52:53 +0000] "GET /portfolio/html/images/iphone%2015%20pro%20max.png HTTP/1.1" 404 196 "http://apple-samsungmarket114.com/" "Mozilla/5.0 (X11; Linux x86_64) AppleWebKit/537.36 (KHTML, like Gecko) Chrome/112.0.5615.165 Safari/537.36"
38.95.13.132 - - [22/Oct/2023:09:52:53 +0000] "GET /portfolio/html/images/iphone%2015.png HTTP/1.1" 404 196 "http://apple-samsungmarket114.com/" "Mozilla/5.0 (X11; Linux x86_64) AppleWebKit/537.36 (KHTML, like Gecko) Chrome/112.0.5615.165 Safari/537.36"
38.95.13.132 - - [22/Oct/2023:09:52:53 +0000] "GET /portfolio/html/images/iphone%2015%20plus.png HTTP/1.1" 404 196 "http://apple-samsungmarket114.com/" "Mozilla/5.0 (X11; Linux x86_64) AppleWebKit/537.36 (KHTML, like Gecko) Chrome/112.0.5615.165 Safari/537.36"
38.95.13.132 - - [22/Oct/2023:09:52:54 +0000] "GET /portfolio/html/images/ipadpro%20wifi%20model.png HTTP/1.1" 404 196 "http://apple-samsungmarket114.com/" "Mozilla/5.0 (X11; Linux x86_64) AppleWebKit/537.36 (KHTML, like Gecko) Chrome/112.0.5615.165 Safari/537.36"
38.95.13.132 - - [22/Oct/2023:09:52:54 +0000] "GET /portfolio/html/images/ipad%20pro%20sell%20model.png HTTP/1.1" 404 196 "http://apple-samsungmarket114.com/" "Mozilla/5.0 (X11; Linux x86_64) AppleWebKit/537.36 (KHTML, like Gecko) Chrome/112.0.5615.165 Safari/537.36"
38.95.13.132 - - [22/Oct/2023:09:52:55 +0000] "GET /portfolio/html/images/ipad%20mini%20wifi.png HTTP/1.1" 404 196 "http://apple-samsungmarket114.com/" "Mozilla/5.0 (X11; Linux x86_64) AppleWebKit/537.36 (KHTML, like Gecko) Chrome/112.0.5615.165 Safari/537.36"
38.95.13.132 - - [22/Oct/2023:09:52:55 +0000] "GET /portfolio/html/images/newipad%2010%20wifi.png HTTP/1.1" 404 196 "http://apple-samsungmarket114.com/" "Mozilla/5.0 (X11; Linux x86_64) AppleWebKit/537.36 (KHTML, like Gecko) Chrome/112.0.5615.165 Safari/537.36"
38.95.13.132 - - [22/Oct/2023:09:52:55 +0000] "GET /portfolio/html/images/ipad%20air%20wifi.png HTTP/1.1" 404 196 "http://apple-samsungmarket114.com/" "Mozilla/5.0 (X11; Linux x86_64) AppleWebKit/537.36 (KHTML, like Gecko) Chrome/112.0.5615.165 Safari/537.36"
38.95.13.132 - - [22/Oct/2023:09:52:55 +0000] "GET /portfolio/html/images/ipad%20mini%20sell.png HTTP/1.1" 404 196 "http://apple-samsungmarket114.com/" "Mozilla/5.0 (X11; Linux x86_64) AppleWebKit/537.36 (KHTML, like Gecko) Chrome/112.0.5615.165 Safari/537.36"
38.95.13.132 - - [22/Oct/2023:09:52:56 +0000] "GET /portfolio/html/images/calendar.png HTTP/1.1" 404 196 "http://apple-samsungmarket114.com/" "Mozilla/5.0 (X11; Linux x86_64) AppleWebKit/537.36 (KHTML, like Gecko) Chrome/112.0.5615.165 Safari/537.36"
38.95.13.132 - - [22/Oct/2023:09:52:56 +0000] "GET /portfolio/html/images/ipad%20air%20sell.png HTTP/1.1" 404 196 "http://apple-samsungmarket114.com/" "Mozilla/5.0 (X11; Linux x86_64) AppleWebKit/537.36 (KHTML, like Gecko) Chrome/112.0.5615.165 Safari/537.36"
38.95.13.132 - - [22/Oct/2023:09:52:56 +0000] "GET /portfolio/html/images/newipad%20sell.png HTTP/1.1" 404 196 "http://apple-samsungmarket114.com/" "Mozilla/5.0 (X11; Linux x86_64) AppleWebKit/537.36 (KHTML, like Gecko) Chrome/112.0.5615.165 Safari/537.36"
38.95.13.132 - - [22/Oct/2023:09:52:56 +0000] "GET /portfolio/html/images/step1.png HTTP/1.1" 404 196 "http://apple-samsungmarket114.com/" "Mozilla/5.0 (X11; Linux x86_64) AppleWebKit/537.36 (KHTML, like Gecko) Chrome/112.0.5615.165 Safari/537.36"
38.95.13.132 - - [22/Oct/2023:09:52:56 +0000] "GET /portfolio/html/images/step2.png HTTP/1.1" 404 196 "http://apple-samsungmarket114.com/" "Mozilla/5.0 (X11; Linux x86_64) AppleWebKit/537.36 (KHTML, like Gecko) Chrome/112.0.5615.165 Safari/537.36"
38.95.13.132 - - [22/Oct/2023:09:52:57 +0000] "GET /portfolio/html/images/step3.png HTTP/1.1" 404 196 "http://apple-samsungmarket114.com/" "Mozilla/5.0 (X11; Linux x86_64) AppleWebKit/537.36 (KHTML, like Gecko) Chrome/112.0.5615.165 Safari/537.36"
38.95.13.132 - - [22/Oct/2023:09:52:57 +0000] "GET /portfolio/html/images/step4.png HTTP/1.1" 404 196 "http://apple-samsungmarket114.com/" "Mozilla/5.0 (X11; Linux x86_64) AppleWebKit/537.36 (KHTML, like Gecko) Chrome/112.0.5615.165 Safari/537.36"
38.95.13.132 - - [22/Oct/2023:09:52:57 +0000] "GET /portfolio/html/images/1.png HTTP/1.1" 404 196 "http://apple-samsungmarket114.com/" "Mozilla/5.0 (X11; Linux x86_64) AppleWebKit/537.36 (KHTML, like Gecko) Chrome/112.0.5615.165 Safari/537.36"
38.95.13.132 - - [22/Oct/2023:09:52:57 +0000] "GET /portfolio/html/images/2.png HTTP/1.1" 404 196 "http://apple-samsungmarket114.com/" "Mozilla/5.0 (X11; Linux x86_64) AppleWebKit/537.36 (KHTML, like Gecko) Chrome/112.0.5615.165 Safari/537.36"
38.95.13.132 - - [22/Oct/2023:09:52:57 +0000] "GET /portfolio/html/images/10.png HTTP/1.1" 404 196 "http://apple-samsungmarket114.com/" "Mozilla/5.0 (X11; Linux x86_64) AppleWebKit/537.36 (KHTML, like Gecko) Chrome/112.0.5615.165 Safari/537.36"
38.95.13.132 - - [22/Oct/2023:09:52:57 +0000] "GET /portfolio/html/images/3.png HTTP/1.1" 404 196 "http://apple-samsungmarket114.com/" "Mozilla/5.0 (X11; Linux x86_64) AppleWebKit/537.36 (KHTML, like Gecko) Chrome/112.0.5615.165 Safari/537.36"
38.95.13.132 - - [22/Oct/2023:09:52:57 +0000] "GET /portfolio/html/images/8.png HTTP/1.1" 404 196 "http://apple-samsungmarket114.com/" "Mozilla/5.0 (X11; Linux x86_64) AppleWebKit/537.36 (KHTML, like Gecko) Chrome/112.0.5615.165 Safari/537.36"
38.95.13.132 - - [22/Oct/2023:09:52:58 +0000] "GET /portfolio/html/images/iphone_benefit.png HTTP/1.1" 404 196 "http://apple-samsungmarket114.com/" "Mozilla/5.0 (X11; Linux x86_64) AppleWebKit/537.36 (KHTML, like Gecko) Chrome/112.0.5615.165 Safari/537.36"
38.95.13.132 - - [22/Oct/2023:09:52:58 +0000] "GET /portfolio/html/images/iphone_logo2.png HTTP/1.1" 404 196 "http://apple-samsungmarket114.com/" "Mozilla/5.0 (X11; Linux x86_64) AppleWebKit/537.36 (KHTML, like Gecko) Chrome/112.0.5615.165 Safari/537.36"
38.95.13.132 - - [22/Oct/2023:09:52:58 +0000] "GET /portfolio/html/images/iphone_logo3.png HTTP/1.1" 404 196 "http://apple-samsungmarket114.com/" "Mozilla/5.0 (X11; Linux x86_64) AppleWebKit/537.36 (KHTML, like Gecko) Chrome/112.0.5615.165 Safari/537.36"
