84.17.42.51 - - [22/Oct/2023:16:40:53 +0000] "GET /../../portfolio/html/images/iphone_logo2.png HTTP/1.1" 400 226 "http://apple-samsungmarket114.com/../../portfolio/html/images/iphone_logo2.png" "Mozilla/5.0 (Linux; Android 13) AppleWebKit/537.36 (KHTML, like Gecko) Chrome/113.0.0.0 Mobile Safari/537.36"
84.17.42.51 - - [22/Oct/2023:16:40:53 +0000] "GET /../../portfolio/html/images/iphone_logo1.png HTTP/1.1" 400 226 "http://apple-samsungmarket114.com/../../portfolio/html/images/iphone_logo1.png" "Mozilla/5.0 (Linux; Android 13) AppleWebKit/537.36 (KHTML, like Gecko) Chrome/113.0.0.0 Mobile Safari/537.36"
84.17.42.51 - - [22/Oct/2023:16:40:53 +0000] "GET /../../portfolio/html/images/iphone_logo3.png HTTP/1.1" 400 226 "http://apple-samsungmarket114.com/../../portfolio/html/images/iphone_logo3.png" "Mozilla/5.0 (Linux; Android 13) AppleWebKit/537.36 (KHTML, like Gecko) Chrome/113.0.0.0 Mobile Safari/537.36"
84.17.42.51 - - [22/Oct/2023:16:40:53 +0000] "GET /../../portfolio/html/images/favicon-32x32.png HTTP/1.1" 400 226 "http://apple-samsungmarket114.com/../../portfolio/html/images/favicon-32x32.png" "Mozilla/5.0 (Linux; Android 13) AppleWebKit/537.36 (KHTML, like Gecko) Chrome/113.0.0.0 Mobile Safari/537.36"
18.134.243.176 - - [22/Oct/2023:16:40:56 +0000] "GET /../../portfolio/html/images/iphone_logo2.png HTTP/1.1" 400 226 "http://apple-samsungmarket114.com/../../portfolio/html/images/iphone_logo2.png" "Mozilla/5.0 (X11; Linux x86_64; rv:102.0) Gecko/20100101 Thunderbird/102.11.0"
18.134.243.176 - - [22/Oct/2023:16:40:56 +0000] "GET /../../portfolio/html/images/iphone_logo1.png HTTP/1.1" 400 226 "http://apple-samsungmarket114.com/../../portfolio/html/images/iphone_logo1.png" "Mozilla/5.0 (X11; Linux x86_64; rv:102.0) Gecko/20100101 Thunderbird/102.11.0"
18.134.243.176 - - [22/Oct/2023:16:40:56 +0000] "GET /../../portfolio/html/images/iphone_logo3.png HTTP/1.1" 400 226 "http://apple-samsungmarket114.com/../../portfolio/html/images/iphone_logo3.png" "Mozilla/5.0 (X11; Linux x86_64; rv:102.0) Gecko/20100101 Thunderbird/102.11.0"
18.134.243.176 - - [22/Oct/2023:16:40:56 +0000] "GET /../../portfolio/html/images/favicon-32x32.png HTTP/1.1" 400 226 "http://apple-samsungmarket114.com/../../portfolio/html/images/favicon-32x32.png" "Mozilla/5.0 (X11; Linux x86_64; rv:102.0) Gecko/20100101 Thunderbird/102.11.0"
37.120.207.27 - - [22/Oct/2023:16:40:57 +0000] "GET /../../portfolio/html/images/iphone_logo2.png HTTP/1.1" 400 226 "http://apple-samsungmarket114.com/../../portfolio/html/images/iphone_logo2.png" "Mozilla/5.0 (X11; Linux x86_64) AppleWebKit/537.36 (KHTML, like Gecko) Chrome/112.0.5615.165 Safari/537.36"
37.120.207.27 - - [22/Oct/2023:16:40:57 +0000] "GET /../../portfolio/html/images/iphone_logo1.png HTTP/1.1" 400 226 "http://apple-samsungmarket114.com/../../portfolio/html/images/iphone_logo1.png" "Mozilla/5.0 (X11; Linux x86_64) AppleWebKit/537.36 (KHTML, like Gecko) Chrome/112.0.5615.165 Safari/537.36"
37.120.207.27 - - [22/Oct/2023:16:40:57 +0000] "GET /../../portfolio/html/images/favicon-32x32.png HTTP/1.1" 400 226 "http://apple-samsungmarket114.com/../../portfolio/html/images/favicon-32x32.png" "Mozilla/5.0 (X11; Linux x86_64) AppleWebKit/537.36 (KHTML, like Gecko) Chrome/112.0.5615.165 Safari/537.36"
37.120.207.27 - - [22/Oct/2023:16:40:57 +0000] "GET /../../portfolio/html/images/iphone_logo3.png HTTP/1.1" 400 226 "http://apple-samsungmarket114.com/../../portfolio/html/images/iphone_logo3.png" "Mozilla/5.0 (X11; Linux x86_64) AppleWebKit/537.36 (KHTML, like Gecko) Chrome/112.0.5615.165 Safari/537.36"
84.247.50.238 - - [22/Oct/2023:16:41:04 +0000] "GET /../../portfolio/html/images/iphone_logo2.png HTTP/1.1" 400 226 "http://apple-samsungmarket114.com/../../portfolio/html/images/iphone_logo2.png" "Mozilla/5.0 (Linux; Android 13) AppleWebKit/537.36 (KHTML, like Gecko) Chrome/113.0.0.0 Mobile Safari/537.36"
84.247.50.238 - - [22/Oct/2023:16:41:04 +0000] "GET /../../portfolio/html/images/iphone_logo3.png HTTP/1.1" 400 226 "http://apple-samsungmarket114.com/../../portfolio/html/images/iphone_logo3.png" "Mozilla/5.0 (Linux; Android 13) AppleWebKit/537.36 (KHTML, like Gecko) Chrome/113.0.0.0 Mobile Safari/537.36"
84.247.50.238 - - [22/Oct/2023:16:41:04 +0000] "GET /../../portfolio/html/images/iphone_logo1.png HTTP/1.1" 400 226 "http://apple-samsungmarket114.com/../../portfolio/html/images/iphone_logo1.png" "Mozilla/5.0 (Linux; Android 13) AppleWebKit/537.36 (KHTML, like Gecko) Chrome/113.0.0.0 Mobile Safari/537.36"
84.247.50.238 - - [22/Oct/2023:16:41:04 +0000] "GET /../../portfolio/html/images/favicon-32x32.png HTTP/1.1" 400 226 "http://apple-samsungmarket114.com/../../portfolio/html/images/favicon-32x32.png" "Mozilla/5.0 (Linux; Android 13) AppleWebKit/537.36 (KHTML, like Gecko) Chrome/113.0.0.0 Mobile Safari/537.36"
161.35.246.138 - - [22/Oct/2023:16:41:16 +0000] "GET / HTTP/1.1" 200 147371 "-" "Mozilla/5.0 (Linux; Android 13) AppleWebKit/537.36 (KHTML, like Gecko) Chrome/113.0.0.0 Mobile Safari/537.36"
161.35.246.138 - - [22/Oct/2023:16:41:16 +0000] "GET /css/styles.html HTTP/1.1" 200 228 "http://apple-samsungmarket114.com/" "Mozilla/5.0 (Linux; Android 13) AppleWebKit/537.36 (KHTML, like Gecko) Chrome/113.0.0.0 Mobile Safari/537.36"
161.35.246.138 - - [22/Oct/2023:16:41:16 +0000] "GET /portfolio/html/css/font-icons.min.css HTTP/1.1" 404 196 "http://apple-samsungmarket114.com/" "Mozilla/5.0 (Linux; Android 13) AppleWebKit/537.36 (KHTML, like Gecko) Chrome/113.0.0.0 Mobile Safari/537.36"
161.35.246.138 - - [22/Oct/2023:16:41:16 +0000] "GET /portfolio/html/css/style.css HTTP/1.1" 404 196 "http://apple-samsungmarket114.com/" "Mozilla/5.0 (Linux; Android 13) AppleWebKit/537.36 (KHTML, like Gecko) Chrome/113.0.0.0 Mobile Safari/537.36"
161.35.246.138 - - [22/Oct/2023:16:41:16 +0000] "GET /portfolio/html/css/responsive.css HTTP/1.1" 404 196 "http://apple-samsungmarket114.com/" "Mozilla/5.0 (Linux; Android 13) AppleWebKit/537.36 (KHTML, like Gecko) Chrome/113.0.0.0 Mobile Safari/537.36"
161.35.246.138 - - [22/Oct/2023:16:41:16 +0000] "GET /portfolio/html/css/theme-vendors.min.css HTTP/1.1" 404 196 "http://apple-samsungmarket114.com/" "Mozilla/5.0 (Linux; Android 13) AppleWebKit/537.36 (KHTML, like Gecko) Chrome/113.0.0.0 Mobile Safari/537.36"
161.35.246.138 - - [22/Oct/2023:16:41:17 +0000] "GET /portfolio/html/css/font-icons.min.html HTTP/1.1" 404 196 "http://apple-samsungmarket114.com/" "Mozilla/5.0 (Linux; Android 13) AppleWebKit/537.36 (KHTML, like Gecko) Chrome/113.0.0.0 Mobile Safari/537.36"
161.35.246.138 - - [22/Oct/2023:16:41:17 +0000] "GET /portfolio/html/css/theme-vendors.min.html HTTP/1.1" 404 196 "http://apple-samsungmarket114.com/" "Mozilla/5.0 (Linux; Android 13) AppleWebKit/537.36 (KHTML, like Gecko) Chrome/113.0.0.0 Mobile Safari/537.36"
161.35.246.138 - - [22/Oct/2023:16:41:17 +0000] "GET /portfolio/html/css/style.html HTTP/1.1" 404 196 "http://apple-samsungmarket114.com/" "Mozilla/5.0 (Linux; Android 13) AppleWebKit/537.36 (KHTML, like Gecko) Chrome/113.0.0.0 Mobile Safari/537.36"
161.35.246.138 - - [22/Oct/2023:16:41:17 +0000] "GET /portfolio/html/css/responsive.html HTTP/1.1" 404 196 "http://apple-samsungmarket114.com/" "Mozilla/5.0 (Linux; Android 13) AppleWebKit/537.36 (KHTML, like Gecko) Chrome/113.0.0.0 Mobile Safari/537.36"
161.35.246.138 - - [22/Oct/2023:16:41:17 +0000] "GET /portfolio/html/js/jquery.min.js HTTP/1.1" 404 196 "http://apple-samsungmarket114.com/" "Mozilla/5.0 (Linux; Android 13) AppleWebKit/537.36 (KHTML, like Gecko) Chrome/113.0.0.0 Mobile Safari/537.36"
161.35.246.138 - - [22/Oct/2023:16:41:17 +0000] "GET /portfolio/html/js/theme-vendors.min.js HTTP/1.1" 404 196 "http://apple-samsungmarket114.com/" "Mozilla/5.0 (Linux; Android 13) AppleWebKit/537.36 (KHTML, like Gecko) Chrome/113.0.0.0 Mobile Safari/537.36"
161.35.246.138 - - [22/Oct/2023:16:41:17 +0000] "GET /img/apple-touch-icon.png HTTP/1.1" 404 196 "http://apple-samsungmarket114.com/" "Mozilla/5.0 (Linux; Android 13) AppleWebKit/537.36 (KHTML, like Gecko) Chrome/113.0.0.0 Mobile Safari/537.36"
161.35.246.138 - - [22/Oct/2023:16:41:17 +0000] "GET /portfolio/html/js/main.js HTTP/1.1" 404 196 "http://apple-samsungmarket114.com/" "Mozilla/5.0 (Linux; Android 13) AppleWebKit/537.36 (KHTML, like Gecko) Chrome/113.0.0.0 Mobile Safari/537.36"
161.35.246.138 - - [22/Oct/2023:16:41:17 +0000] "GET /img/mod.png HTTP/1.1" 404 196 "http://apple-samsungmarket114.com/" "Mozilla/5.0 (Linux; Android 13) AppleWebKit/537.36 (KHTML, like Gecko) Chrome/113.0.0.0 Mobile Safari/537.36"
161.35.246.138 - - [22/Oct/2023:16:41:17 +0000] "GET /portfolio/html/images/icon_1.png HTTP/1.1" 404 196 "http://apple-samsungmarket114.com/" "Mozilla/5.0 (Linux; Android 13) AppleWebKit/537.36 (KHTML, like Gecko) Chrome/113.0.0.0 Mobile Safari/537.36"
161.35.246.138 - - [22/Oct/2023:16:41:17 +0000] "GET /portfolio/html/images/iphone_main3.png HTTP/1.1" 404 196 "http://apple-samsungmarket114.com/" "Mozilla/5.0 (Linux; Android 13) AppleWebKit/537.36 (KHTML, like Gecko) Chrome/113.0.0.0 Mobile Safari/537.36"
84.247.50.238 - - [22/Oct/2023:16:41:16 +0000] "GET / HTTP/1.1" 200 147371 "-" "Mozilla/5.0 (Windows NT 10.0; Win64; x64) AppleWebKit/537.36 (KHTML, like Gecko) Chrome/112.0.0.0 Safari/537.36 Edg/112.0.1722.68"
84.247.50.238 - - [22/Oct/2023:16:41:17 +0000] "GET /css/styles.html HTTP/1.1" 200 228 "http://apple-samsungmarket114.com/" "Mozilla/5.0 (Windows NT 10.0; Win64; x64) AppleWebKit/537.36 (KHTML, like Gecko) Chrome/112.0.0.0 Safari/537.36 Edg/112.0.1722.68"
84.247.50.238 - - [22/Oct/2023:16:41:17 +0000] "GET /portfolio/html/css/theme-vendors.min.css HTTP/1.1" 404 196 "http://apple-samsungmarket114.com/" "Mozilla/5.0 (Windows NT 10.0; Win64; x64) AppleWebKit/537.36 (KHTML, like Gecko) Chrome/112.0.0.0 Safari/537.36 Edg/112.0.1722.68"
84.247.50.238 - - [22/Oct/2023:16:41:17 +0000] "GET /portfolio/html/css/font-icons.min.css HTTP/1.1" 404 196 "http://apple-samsungmarket114.com/" "Mozilla/5.0 (Windows NT 10.0; Win64; x64) AppleWebKit/537.36 (KHTML, like Gecko) Chrome/112.0.0.0 Safari/537.36 Edg/112.0.1722.68"
84.247.50.238 - - [22/Oct/2023:16:41:17 +0000] "GET /portfolio/html/css/style.css HTTP/1.1" 404 196 "http://apple-samsungmarket114.com/" "Mozilla/5.0 (Windows NT 10.0; Win64; x64) AppleWebKit/537.36 (KHTML, like Gecko) Chrome/112.0.0.0 Safari/537.36 Edg/112.0.1722.68"
84.247.50.238 - - [22/Oct/2023:16:41:17 +0000] "GET /portfolio/html/css/responsive.css HTTP/1.1" 404 196 "http://apple-samsungmarket114.com/" "Mozilla/5.0 (Windows NT 10.0; Win64; x64) AppleWebKit/537.36 (KHTML, like Gecko) Chrome/112.0.0.0 Safari/537.36 Edg/112.0.1722.68"
161.35.246.138 - - [22/Oct/2023:16:41:17 +0000] "GET /portfolio/html/images/icon_2.png HTTP/1.1" 404 196 "http://apple-samsungmarket114.com/" "Mozilla/5.0 (Linux; Android 13) AppleWebKit/537.36 (KHTML, like Gecko) Chrome/113.0.0.0 Mobile Safari/537.36"
161.35.246.138 - - [22/Oct/2023:16:41:17 +0000] "GET /portfolio/html/images/icon_3.png HTTP/1.1" 404 196 "http://apple-samsungmarket114.com/" "Mozilla/5.0 (Linux; Android 13) AppleWebKit/537.36 (KHTML, like Gecko) Chrome/113.0.0.0 Mobile Safari/537.36"
161.35.246.138 - - [22/Oct/2023:16:41:18 +0000] "GET /portfolio/html/images/iphone_drop3.png HTTP/1.1" 404 196 "http://apple-samsungmarket114.com/" "Mozilla/5.0 (Linux; Android 13) AppleWebKit/537.36 (KHTML, like Gecko) Chrome/113.0.0.0 Mobile Safari/537.36"
84.247.50.238 - - [22/Oct/2023:16:41:18 +0000] "GET /portfolio/html/css/theme-vendors.min.html HTTP/1.1" 404 196 "http://apple-samsungmarket114.com/" "Mozilla/5.0 (Windows NT 10.0; Win64; x64) AppleWebKit/537.36 (KHTML, like Gecko) Chrome/112.0.0.0 Safari/537.36 Edg/112.0.1722.68"
161.35.246.138 - - [22/Oct/2023:16:41:18 +0000] "GET /portfolio/html/images/galaxy%20s23%20plus.png HTTP/1.1" 404 196 "http://apple-samsungmarket114.com/" "Mozilla/5.0 (Linux; Android 13) AppleWebKit/537.36 (KHTML, like Gecko) Chrome/113.0.0.0 Mobile Safari/537.36"
84.247.50.238 - - [22/Oct/2023:16:41:18 +0000] "GET /portfolio/html/css/responsive.html HTTP/1.1" 404 196 "http://apple-samsungmarket114.com/" "Mozilla/5.0 (Windows NT 10.0; Win64; x64) AppleWebKit/537.36 (KHTML, like Gecko) Chrome/112.0.0.0 Safari/537.36 Edg/112.0.1722.68"
161.35.246.138 - - [22/Oct/2023:16:41:18 +0000] "GET /portfolio/html/images/galaxy%20ultra.png HTTP/1.1" 404 196 "http://apple-samsungmarket114.com/" "Mozilla/5.0 (Linux; Android 13) AppleWebKit/537.36 (KHTML, like Gecko) Chrome/113.0.0.0 Mobile Safari/537.36"
161.35.246.138 - - [22/Oct/2023:16:41:18 +0000] "GET /portfolio/html/images/iphone%2014%20pro.png HTTP/1.1" 404 196 "http://apple-samsungmarket114.com/" "Mozilla/5.0 (Linux; Android 13) AppleWebKit/537.36 (KHTML, like Gecko) Chrome/113.0.0.0 Mobile Safari/537.36"
161.35.246.138 - - [22/Oct/2023:16:41:18 +0000] "GET /portfolio/html/images/galaxy%20s23.png HTTP/1.1" 404 196 "http://apple-samsungmarket114.com/" "Mozilla/5.0 (Linux; Android 13) AppleWebKit/537.36 (KHTML, like Gecko) Chrome/113.0.0.0 Mobile Safari/537.36"
84.247.50.238 - - [22/Oct/2023:16:41:18 +0000] "GET /portfolio/html/css/font-icons.min.html HTTP/1.1" 404 196 "http://apple-samsungmarket114.com/" "Mozilla/5.0 (Windows NT 10.0; Win64; x64) AppleWebKit/537.36 (KHTML, like Gecko) Chrome/112.0.0.0 Safari/537.36 Edg/112.0.1722.68"
161.35.246.138 - - [22/Oct/2023:16:41:18 +0000] "GET /portfolio/html/images/zfold%205.png HTTP/1.1" 404 196 "http://apple-samsungmarket114.com/" "Mozilla/5.0 (Linux; Android 13) AppleWebKit/537.36 (KHTML, like Gecko) Chrome/113.0.0.0 Mobile Safari/537.36"
84.247.50.238 - - [22/Oct/2023:16:41:18 +0000] "GET /portfolio/html/css/style.html HTTP/1.1" 404 196 "http://apple-samsungmarket114.com/" "Mozilla/5.0 (Windows NT 10.0; Win64; x64) AppleWebKit/537.36 (KHTML, like Gecko) Chrome/112.0.0.0 Safari/537.36 Edg/112.0.1722.68"
161.35.246.138 - - [22/Oct/2023:16:41:18 +0000] "GET /portfolio/html/images/galaxy%20quantom%204.png HTTP/1.1" 404 196 "http://apple-samsungmarket114.com/" "Mozilla/5.0 (Linux; Android 13) AppleWebKit/537.36 (KHTML, like Gecko) Chrome/113.0.0.0 Mobile Safari/537.36"
84.247.50.238 - - [22/Oct/2023:16:41:18 +0000] "GET /img/apple-touch-icon.png HTTP/1.1" 404 196 "http://apple-samsungmarket114.com/" "Mozilla/5.0 (Windows NT 10.0; Win64; x64) AppleWebKit/537.36 (KHTML, like Gecko) Chrome/112.0.0.0 Safari/537.36 Edg/112.0.1722.68"
161.35.246.138 - - [22/Oct/2023:16:41:18 +0000] "GET /portfolio/html/images/airpod%20max.png HTTP/1.1" 404 196 "http://apple-samsungmarket114.com/" "Mozilla/5.0 (Linux; Android 13) AppleWebKit/537.36 (KHTML, like Gecko) Chrome/113.0.0.0 Mobile Safari/537.36"
161.35.246.138 - - [22/Oct/2023:16:41:18 +0000] "GET /portfolio/html/images/iphone%2015%20pro.png HTTP/1.1" 404 196 "http://apple-samsungmarket114.com/" "Mozilla/5.0 (Linux; Android 13) AppleWebKit/537.36 (KHTML, like Gecko) Chrome/113.0.0.0 Mobile Safari/537.36"
161.35.246.138 - - [22/Oct/2023:16:41:18 +0000] "GET /portfolio/html/images/iphone%2014.png HTTP/1.1" 404 196 "http://apple-samsungmarket114.com/" "Mozilla/5.0 (Linux; Android 13) AppleWebKit/537.36 (KHTML, like Gecko) Chrome/113.0.0.0 Mobile Safari/537.36"
161.35.246.138 - - [22/Oct/2023:16:41:18 +0000] "GET /portfolio/html/images/iphone%2015%20pro%20max.png HTTP/1.1" 404 196 "http://apple-samsungmarket114.com/" "Mozilla/5.0 (Linux; Android 13) AppleWebKit/537.36 (KHTML, like Gecko) Chrome/113.0.0.0 Mobile Safari/537.36"
84.247.50.238 - - [22/Oct/2023:16:41:18 +0000] "GET /portfolio/html/js/jquery.min.js HTTP/1.1" 404 196 "http://apple-samsungmarket114.com/" "Mozilla/5.0 (Windows NT 10.0; Win64; x64) AppleWebKit/537.36 (KHTML, like Gecko) Chrome/112.0.0.0 Safari/537.36 Edg/112.0.1722.68"
84.247.50.238 - - [22/Oct/2023:16:41:18 +0000] "GET /portfolio/html/js/theme-vendors.min.js HTTP/1.1" 404 196 "http://apple-samsungmarket114.com/" "Mozilla/5.0 (Windows NT 10.0; Win64; x64) AppleWebKit/537.36 (KHTML, like Gecko) Chrome/112.0.0.0 Safari/537.36 Edg/112.0.1722.68"
161.35.246.138 - - [22/Oct/2023:16:41:18 +0000] "GET /portfolio/html/images/iphone%2015.png HTTP/1.1" 404 196 "http://apple-samsungmarket114.com/" "Mozilla/5.0 (Linux; Android 13) AppleWebKit/537.36 (KHTML, like Gecko) Chrome/113.0.0.0 Mobile Safari/537.36"
161.35.246.138 - - [22/Oct/2023:16:41:18 +0000] "GET /portfolio/html/images/iphone%2015%20plus.png HTTP/1.1" 404 196 "http://apple-samsungmarket114.com/" "Mozilla/5.0 (Linux; Android 13) AppleWebKit/537.36 (KHTML, like Gecko) Chrome/113.0.0.0 Mobile Safari/537.36"
84.247.50.238 - - [22/Oct/2023:16:41:18 +0000] "GET /portfolio/html/js/main.js HTTP/1.1" 404 196 "http://apple-samsungmarket114.com/" "Mozilla/5.0 (Windows NT 10.0; Win64; x64) AppleWebKit/537.36 (KHTML, like Gecko) Chrome/112.0.0.0 Safari/537.36 Edg/112.0.1722.68"
161.35.246.138 - - [22/Oct/2023:16:41:18 +0000] "GET /portfolio/html/images/ipadpro%20wifi%20model.png HTTP/1.1" 404 196 "http://apple-samsungmarket114.com/" "Mozilla/5.0 (Linux; Android 13) AppleWebKit/537.36 (KHTML, like Gecko) Chrome/113.0.0.0 Mobile Safari/537.36"
161.35.246.138 - - [22/Oct/2023:16:41:18 +0000] "GET /portfolio/html/images/ipad%20pro%20sell%20model.png HTTP/1.1" 404 196 "http://apple-samsungmarket114.com/" "Mozilla/5.0 (Linux; Android 13) AppleWebKit/537.36 (KHTML, like Gecko) Chrome/113.0.0.0 Mobile Safari/537.36"
161.35.246.138 - - [22/Oct/2023:16:41:18 +0000] "GET /portfolio/html/images/ipad%20mini%20wifi.png HTTP/1.1" 404 196 "http://apple-samsungmarket114.com/" "Mozilla/5.0 (Linux; Android 13) AppleWebKit/537.36 (KHTML, like Gecko) Chrome/113.0.0.0 Mobile Safari/537.36"
84.247.50.238 - - [22/Oct/2023:16:41:18 +0000] "GET /portfolio/html/images/icon_1.png HTTP/1.1" 404 196 "http://apple-samsungmarket114.com/" "Mozilla/5.0 (Windows NT 10.0; Win64; x64) AppleWebKit/537.36 (KHTML, like Gecko) Chrome/112.0.0.0 Safari/537.36 Edg/112.0.1722.68"
84.247.50.238 - - [22/Oct/2023:16:41:18 +0000] "GET /portfolio/html/images/icon_2.png HTTP/1.1" 404 196 "http://apple-samsungmarket114.com/" "Mozilla/5.0 (Windows NT 10.0; Win64; x64) AppleWebKit/537.36 (KHTML, like Gecko) Chrome/112.0.0.0 Safari/537.36 Edg/112.0.1722.68"
161.35.246.138 - - [22/Oct/2023:16:41:19 +0000] "GET /portfolio/html/images/ipad%20air%20wifi.png HTTP/1.1" 404 196 "http://apple-samsungmarket114.com/" "Mozilla/5.0 (Linux; Android 13) AppleWebKit/537.36 (KHTML, like Gecko) Chrome/113.0.0.0 Mobile Safari/537.36"
161.35.246.138 - - [22/Oct/2023:16:41:19 +0000] "GET /portfolio/html/images/ipad%20air%20sell.png HTTP/1.1" 404 196 "http://apple-samsungmarket114.com/" "Mozilla/5.0 (Linux; Android 13) AppleWebKit/537.36 (KHTML, like Gecko) Chrome/113.0.0.0 Mobile Safari/537.36"
161.35.246.138 - - [22/Oct/2023:16:41:19 +0000] "GET /portfolio/html/images/newipad%2010%20wifi.png HTTP/1.1" 404 196 "http://apple-samsungmarket114.com/" "Mozilla/5.0 (Linux; Android 13) AppleWebKit/537.36 (KHTML, like Gecko) Chrome/113.0.0.0 Mobile Safari/537.36"
161.35.246.138 - - [22/Oct/2023:16:41:19 +0000] "GET /portfolio/html/images/newipad%20sell.png HTTP/1.1" 404 196 "http://apple-samsungmarket114.com/" "Mozilla/5.0 (Linux; Android 13) AppleWebKit/537.36 (KHTML, like Gecko) Chrome/113.0.0.0 Mobile Safari/537.36"
161.35.246.138 - - [22/Oct/2023:16:41:19 +0000] "GET /portfolio/html/images/calendar.png HTTP/1.1" 404 196 "http://apple-samsungmarket114.com/" "Mozilla/5.0 (Linux; Android 13) AppleWebKit/537.36 (KHTML, like Gecko) Chrome/113.0.0.0 Mobile Safari/537.36"
84.247.50.238 - - [22/Oct/2023:16:41:19 +0000] "GET /img/mod.png HTTP/1.1" 404 196 "http://apple-samsungmarket114.com/" "Mozilla/5.0 (Windows NT 10.0; Win64; x64) AppleWebKit/537.36 (KHTML, like Gecko) Chrome/112.0.0.0 Safari/537.36 Edg/112.0.1722.68"
84.247.50.238 - - [22/Oct/2023:16:41:19 +0000] "GET /portfolio/html/images/icon_3.png HTTP/1.1" 404 196 "http://apple-samsungmarket114.com/" "Mozilla/5.0 (Windows NT 10.0; Win64; x64) AppleWebKit/537.36 (KHTML, like Gecko) Chrome/112.0.0.0 Safari/537.36 Edg/112.0.1722.68"
84.247.50.238 - - [22/Oct/2023:16:41:19 +0000] "GET /portfolio/html/images/iphone_drop3.png HTTP/1.1" 404 196 "http://apple-samsungmarket114.com/" "Mozilla/5.0 (Windows NT 10.0; Win64; x64) AppleWebKit/537.36 (KHTML, like Gecko) Chrome/112.0.0.0 Safari/537.36 Edg/112.0.1722.68"
161.35.246.138 - - [22/Oct/2023:16:41:18 +0000] "GET /portfolio/html/images/ipad%20mini%20sell.png HTTP/1.1" 404 196 "http://apple-samsungmarket114.com/" "Mozilla/5.0 (Linux; Android 13) AppleWebKit/537.36 (KHTML, like Gecko) Chrome/113.0.0.0 Mobile Safari/537.36"
161.35.246.138 - - [22/Oct/2023:16:41:19 +0000] "GET /portfolio/html/images/step1.png HTTP/1.1" 404 196 "http://apple-samsungmarket114.com/" "Mozilla/5.0 (Linux; Android 13) AppleWebKit/537.36 (KHTML, like Gecko) Chrome/113.0.0.0 Mobile Safari/537.36"
84.247.50.238 - - [22/Oct/2023:16:41:19 +0000] "GET /portfolio/html/images/galaxy%20ultra.png HTTP/1.1" 404 196 "http://apple-samsungmarket114.com/" "Mozilla/5.0 (Windows NT 10.0; Win64; x64) AppleWebKit/537.36 (KHTML, like Gecko) Chrome/112.0.0.0 Safari/537.36 Edg/112.0.1722.68"
84.247.50.238 - - [22/Oct/2023:16:41:19 +0000] "GET /portfolio/html/images/iphone_main3.png HTTP/1.1" 404 196 "http://apple-samsungmarket114.com/" "Mozilla/5.0 (Windows NT 10.0; Win64; x64) AppleWebKit/537.36 (KHTML, like Gecko) Chrome/112.0.0.0 Safari/537.36 Edg/112.0.1722.68"
161.35.246.138 - - [22/Oct/2023:16:41:19 +0000] "GET /portfolio/html/images/step3.png HTTP/1.1" 404 196 "http://apple-samsungmarket114.com/" "Mozilla/5.0 (Linux; Android 13) AppleWebKit/537.36 (KHTML, like Gecko) Chrome/113.0.0.0 Mobile Safari/537.36"
161.35.246.138 - - [22/Oct/2023:16:41:19 +0000] "GET /portfolio/html/images/step2.png HTTP/1.1" 404 196 "http://apple-samsungmarket114.com/" "Mozilla/5.0 (Linux; Android 13) AppleWebKit/537.36 (KHTML, like Gecko) Chrome/113.0.0.0 Mobile Safari/537.36"
161.35.246.138 - - [22/Oct/2023:16:41:19 +0000] "GET /portfolio/html/images/step4.png HTTP/1.1" 404 196 "http://apple-samsungmarket114.com/" "Mozilla/5.0 (Linux; Android 13) AppleWebKit/537.36 (KHTML, like Gecko) Chrome/113.0.0.0 Mobile Safari/537.36"
161.35.246.138 - - [22/Oct/2023:16:41:19 +0000] "GET /portfolio/html/images/1.png HTTP/1.1" 404 196 "http://apple-samsungmarket114.com/" "Mozilla/5.0 (Linux; Android 13) AppleWebKit/537.36 (KHTML, like Gecko) Chrome/113.0.0.0 Mobile Safari/537.36"
84.247.50.238 - - [22/Oct/2023:16:41:19 +0000] "GET /portfolio/html/images/galaxy%20s23.png HTTP/1.1" 404 196 "http://apple-samsungmarket114.com/" "Mozilla/5.0 (Windows NT 10.0; Win64; x64) AppleWebKit/537.36 (KHTML, like Gecko) Chrome/112.0.0.0 Safari/537.36 Edg/112.0.1722.68"
161.35.246.138 - - [22/Oct/2023:16:41:19 +0000] "GET /portfolio/html/images/3.png HTTP/1.1" 404 196 "http://apple-samsungmarket114.com/" "Mozilla/5.0 (Linux; Android 13) AppleWebKit/537.36 (KHTML, like Gecko) Chrome/113.0.0.0 Mobile Safari/537.36"
161.35.246.138 - - [22/Oct/2023:16:41:19 +0000] "GET /portfolio/html/images/10.png HTTP/1.1" 404 196 "http://apple-samsungmarket114.com/" "Mozilla/5.0 (Linux; Android 13) AppleWebKit/537.36 (KHTML, like Gecko) Chrome/113.0.0.0 Mobile Safari/537.36"
161.35.246.138 - - [22/Oct/2023:16:41:19 +0000] "GET /portfolio/html/images/8.png HTTP/1.1" 404 196 "http://apple-samsungmarket114.com/" "Mozilla/5.0 (Linux; Android 13) AppleWebKit/537.36 (KHTML, like Gecko) Chrome/113.0.0.0 Mobile Safari/537.36"
161.35.246.138 - - [22/Oct/2023:16:41:19 +0000] "GET /portfolio/html/images/iphone_benefit.png HTTP/1.1" 404 196 "http://apple-samsungmarket114.com/" "Mozilla/5.0 (Linux; Android 13) AppleWebKit/537.36 (KHTML, like Gecko) Chrome/113.0.0.0 Mobile Safari/537.36"
161.35.246.138 - - [22/Oct/2023:16:41:19 +0000] "GET /portfolio/html/images/iphone_logo2.png HTTP/1.1" 404 196 "http://apple-samsungmarket114.com/" "Mozilla/5.0 (Linux; Android 13) AppleWebKit/537.36 (KHTML, like Gecko) Chrome/113.0.0.0 Mobile Safari/537.36"
84.247.50.238 - - [22/Oct/2023:16:41:19 +0000] "GET /portfolio/html/images/galaxy%20s23%20plus.png HTTP/1.1" 404 196 "http://apple-samsungmarket114.com/" "Mozilla/5.0 (Windows NT 10.0; Win64; x64) AppleWebKit/537.36 (KHTML, like Gecko) Chrome/112.0.0.0 Safari/537.36 Edg/112.0.1722.68"
84.247.50.238 - - [22/Oct/2023:16:41:19 +0000] "GET /portfolio/html/images/galaxy%20quantom%204.png HTTP/1.1" 404 196 "http://apple-samsungmarket114.com/" "Mozilla/5.0 (Windows NT 10.0; Win64; x64) AppleWebKit/537.36 (KHTML, like Gecko) Chrome/112.0.0.0 Safari/537.36 Edg/112.0.1722.68"
84.247.50.238 - - [22/Oct/2023:16:41:20 +0000] "GET /portfolio/html/images/zfold%205.png HTTP/1.1" 404 196 "http://apple-samsungmarket114.com/" "Mozilla/5.0 (Windows NT 10.0; Win64; x64) AppleWebKit/537.36 (KHTML, like Gecko) Chrome/112.0.0.0 Safari/537.36 Edg/112.0.1722.68"
161.35.246.138 - - [22/Oct/2023:16:41:19 +0000] "GET /portfolio/html/images/2.png HTTP/1.1" 404 196 "http://apple-samsungmarket114.com/" "Mozilla/5.0 (Linux; Android 13) AppleWebKit/537.36 (KHTML, like Gecko) Chrome/113.0.0.0 Mobile Safari/537.36"
161.35.246.138 - - [22/Oct/2023:16:41:20 +0000] "GET /portfolio/html/images/iphone_logo1.png HTTP/1.1" 404 196 "http://apple-samsungmarket114.com/" "Mozilla/5.0 (Linux; Android 13) AppleWebKit/537.36 (KHTML, like Gecko) Chrome/113.0.0.0 Mobile Safari/537.36"
161.35.246.138 - - [22/Oct/2023:16:41:20 +0000] "GET /portfolio/html/images/iphone_logo3.png HTTP/1.1" 404 196 "http://apple-samsungmarket114.com/" "Mozilla/5.0 (Linux; Android 13) AppleWebKit/537.36 (KHTML, like Gecko) Chrome/113.0.0.0 Mobile Safari/537.36"
161.35.246.138 - - [22/Oct/2023:16:41:20 +0000] "GET /img/button_ka.png HTTP/1.1" 404 196 "http://apple-samsungmarket114.com/" "Mozilla/5.0 (Linux; Android 13) AppleWebKit/537.36 (KHTML, like Gecko) Chrome/113.0.0.0 Mobile Safari/537.36"
161.35.246.138 - - [22/Oct/2023:16:41:20 +0000] "GET /img/button_call.png HTTP/1.1" 404 196 "http://apple-samsungmarket114.com/" "Mozilla/5.0 (Linux; Android 13) AppleWebKit/537.36 (KHTML, like Gecko) Chrome/113.0.0.0 Mobile Safari/537.36"
84.247.50.238 - - [22/Oct/2023:16:41:20 +0000] "GET /portfolio/html/images/airpod%20max.png HTTP/1.1" 404 196 "http://apple-samsungmarket114.com/" "Mozilla/5.0 (Windows NT 10.0; Win64; x64) AppleWebKit/537.36 (KHTML, like Gecko) Chrome/112.0.0.0 Safari/537.36 Edg/112.0.1722.68"
84.247.50.238 - - [22/Oct/2023:16:41:20 +0000] "GET /portfolio/html/images/iphone%2015%20pro%20max.png HTTP/1.1" 404 196 "http://apple-samsungmarket114.com/" "Mozilla/5.0 (Windows NT 10.0; Win64; x64) AppleWebKit/537.36 (KHTML, like Gecko) Chrome/112.0.0.0 Safari/537.36 Edg/112.0.1722.68"
84.247.50.238 - - [22/Oct/2023:16:41:20 +0000] "GET /portfolio/html/images/iphone%2015%20pro.png HTTP/1.1" 404 196 "http://apple-samsungmarket114.com/" "Mozilla/5.0 (Windows NT 10.0; Win64; x64) AppleWebKit/537.36 (KHTML, like Gecko) Chrome/112.0.0.0 Safari/537.36 Edg/112.0.1722.68"
84.247.50.238 - - [22/Oct/2023:16:41:20 +0000] "GET /portfolio/html/images/iphone%2014%20pro.png HTTP/1.1" 404 196 "http://apple-samsungmarket114.com/" "Mozilla/5.0 (Windows NT 10.0; Win64; x64) AppleWebKit/537.36 (KHTML, like Gecko) Chrome/112.0.0.0 Safari/537.36 Edg/112.0.1722.68"
84.247.50.238 - - [22/Oct/2023:16:41:20 +0000] "GET /portfolio/html/images/iphone%2014.png HTTP/1.1" 404 196 "http://apple-samsungmarket114.com/" "Mozilla/5.0 (Windows NT 10.0; Win64; x64) AppleWebKit/537.36 (KHTML, like Gecko) Chrome/112.0.0.0 Safari/537.36 Edg/112.0.1722.68"
84.247.50.238 - - [22/Oct/2023:16:41:20 +0000] "GET /portfolio/html/images/iphone%2015.png HTTP/1.1" 404 196 "http://apple-samsungmarket114.com/" "Mozilla/5.0 (Windows NT 10.0; Win64; x64) AppleWebKit/537.36 (KHTML, like Gecko) Chrome/112.0.0.0 Safari/537.36 Edg/112.0.1722.68"
84.247.50.238 - - [22/Oct/2023:16:41:21 +0000] "GET /portfolio/html/images/ipadpro%20wifi%20model.png HTTP/1.1" 404 196 "http://apple-samsungmarket114.com/" "Mozilla/5.0 (Windows NT 10.0; Win64; x64) AppleWebKit/537.36 (KHTML, like Gecko) Chrome/112.0.0.0 Safari/537.36 Edg/112.0.1722.68"
84.247.50.238 - - [22/Oct/2023:16:41:21 +0000] "GET /portfolio/html/images/iphone%2015%20plus.png HTTP/1.1" 404 196 "http://apple-samsungmarket114.com/" "Mozilla/5.0 (Windows NT 10.0; Win64; x64) AppleWebKit/537.36 (KHTML, like Gecko) Chrome/112.0.0.0 Safari/537.36 Edg/112.0.1722.68"
84.247.50.238 - - [22/Oct/2023:16:41:21 +0000] "GET /portfolio/html/images/ipad%20mini%20wifi.png HTTP/1.1" 404 196 "http://apple-samsungmarket114.com/" "Mozilla/5.0 (Windows NT 10.0; Win64; x64) AppleWebKit/537.36 (KHTML, like Gecko) Chrome/112.0.0.0 Safari/537.36 Edg/112.0.1722.68"
84.247.50.238 - - [22/Oct/2023:16:41:21 +0000] "GET /portfolio/html/images/ipad%20pro%20sell%20model.png HTTP/1.1" 404 196 "http://apple-samsungmarket114.com/" "Mozilla/5.0 (Windows NT 10.0; Win64; x64) AppleWebKit/537.36 (KHTML, like Gecko) Chrome/112.0.0.0 Safari/537.36 Edg/112.0.1722.68"
161.35.246.138 - - [22/Oct/2023:16:41:21 +0000] "GET /iphone/assets/favicon-32x32.html HTTP/1.1" 404 196 "http://apple-samsungmarket114.com/" "Mozilla/5.0 (Linux; Android 13) AppleWebKit/537.36 (KHTML, like Gecko) Chrome/113.0.0.0 Mobile Safari/537.36"
161.35.246.138 - - [22/Oct/2023:16:41:21 +0000] "GET /portfolio/html/images/favicon-32x32.html HTTP/1.1" 404 196 "http://apple-samsungmarket114.com/" "Mozilla/5.0 (Linux; Android 13) AppleWebKit/537.36 (KHTML, like Gecko) Chrome/113.0.0.0 Mobile Safari/537.36"
161.35.246.138 - - [22/Oct/2023:16:41:22 +0000] "GET /assets/favicon-32x32.html HTTP/1.1" 404 196 "http://apple-samsungmarket114.com/" "Mozilla/5.0 (Linux; Android 13) AppleWebKit/537.36 (KHTML, like Gecko) Chrome/113.0.0.0 Mobile Safari/537.36"
84.247.50.238 - - [22/Oct/2023:16:41:22 +0000] "GET /portfolio/html/images/ipad%20air%20wifi.png HTTP/1.1" 404 196 "http://apple-samsungmarket114.com/" "Mozilla/5.0 (Windows NT 10.0; Win64; x64) AppleWebKit/537.36 (KHTML, like Gecko) Chrome/112.0.0.0 Safari/537.36 Edg/112.0.1722.68"
84.247.50.238 - - [22/Oct/2023:16:41:22 +0000] "GET /portfolio/html/images/ipad%20mini%20sell.png HTTP/1.1" 404 196 "http://apple-samsungmarket114.com/" "Mozilla/5.0 (Windows NT 10.0; Win64; x64) AppleWebKit/537.36 (KHTML, like Gecko) Chrome/112.0.0.0 Safari/537.36 Edg/112.0.1722.68"
161.35.246.138 - - [22/Oct/2023:16:41:22 +0000] "GET /portfolio/html/images/favicon-32x32.png HTTP/1.1" 404 196 "http://apple-samsungmarket114.com/" "Mozilla/5.0 (Linux; Android 13) AppleWebKit/537.36 (KHTML, like Gecko) Chrome/113.0.0.0 Mobile Safari/537.36"
84.247.50.238 - - [22/Oct/2023:16:41:22 +0000] "GET /portfolio/html/images/ipad%20air%20sell.png HTTP/1.1" 404 196 "http://apple-samsungmarket114.com/" "Mozilla/5.0 (Windows NT 10.0; Win64; x64) AppleWebKit/537.36 (KHTML, like Gecko) Chrome/112.0.0.0 Safari/537.36 Edg/112.0.1722.68"
84.247.50.238 - - [22/Oct/2023:16:41:22 +0000] "GET /portfolio/html/images/newipad%2010%20wifi.png HTTP/1.1" 404 196 "http://apple-samsungmarket114.com/" "Mozilla/5.0 (Windows NT 10.0; Win64; x64) AppleWebKit/537.36 (KHTML, like Gecko) Chrome/112.0.0.0 Safari/537.36 Edg/112.0.1722.68"
84.247.50.238 - - [22/Oct/2023:16:41:22 +0000] "GET /portfolio/html/images/calendar.png HTTP/1.1" 404 196 "http://apple-samsungmarket114.com/" "Mozilla/5.0 (Windows NT 10.0; Win64; x64) AppleWebKit/537.36 (KHTML, like Gecko) Chrome/112.0.0.0 Safari/537.36 Edg/112.0.1722.68"
84.247.50.238 - - [22/Oct/2023:16:41:22 +0000] "GET /portfolio/html/images/newipad%20sell.png HTTP/1.1" 404 196 "http://apple-samsungmarket114.com/" "Mozilla/5.0 (Windows NT 10.0; Win64; x64) AppleWebKit/537.36 (KHTML, like Gecko) Chrome/112.0.0.0 Safari/537.36 Edg/112.0.1722.68"
84.247.50.238 - - [22/Oct/2023:16:41:23 +0000] "GET /portfolio/html/images/step1.png HTTP/1.1" 404 196 "http://apple-samsungmarket114.com/" "Mozilla/5.0 (Windows NT 10.0; Win64; x64) AppleWebKit/537.36 (KHTML, like Gecko) Chrome/112.0.0.0 Safari/537.36 Edg/112.0.1722.68"
84.247.50.238 - - [22/Oct/2023:16:41:23 +0000] "GET /portfolio/html/images/step2.png HTTP/1.1" 404 196 "http://apple-samsungmarket114.com/" "Mozilla/5.0 (Windows NT 10.0; Win64; x64) AppleWebKit/537.36 (KHTML, like Gecko) Chrome/112.0.0.0 Safari/537.36 Edg/112.0.1722.68"
84.247.50.238 - - [22/Oct/2023:16:41:23 +0000] "GET /portfolio/html/images/step3.png HTTP/1.1" 404 196 "http://apple-samsungmarket114.com/" "Mozilla/5.0 (Windows NT 10.0; Win64; x64) AppleWebKit/537.36 (KHTML, like Gecko) Chrome/112.0.0.0 Safari/537.36 Edg/112.0.1722.68"
84.247.50.238 - - [22/Oct/2023:16:41:23 +0000] "GET /portfolio/html/images/step4.png HTTP/1.1" 404 196 "http://apple-samsungmarket114.com/" "Mozilla/5.0 (Windows NT 10.0; Win64; x64) AppleWebKit/537.36 (KHTML, like Gecko) Chrome/112.0.0.0 Safari/537.36 Edg/112.0.1722.68"
84.247.50.238 - - [22/Oct/2023:16:41:23 +0000] "GET /portfolio/html/images/3.png HTTP/1.1" 404 196 "http://apple-samsungmarket114.com/" "Mozilla/5.0 (Windows NT 10.0; Win64; x64) AppleWebKit/537.36 (KHTML, like Gecko) Chrome/112.0.0.0 Safari/537.36 Edg/112.0.1722.68"
84.247.50.238 - - [22/Oct/2023:16:41:23 +0000] "GET /portfolio/html/images/10.png HTTP/1.1" 404 196 "http://apple-samsungmarket114.com/" "Mozilla/5.0 (Windows NT 10.0; Win64; x64) AppleWebKit/537.36 (KHTML, like Gecko) Chrome/112.0.0.0 Safari/537.36 Edg/112.0.1722.68"
84.247.50.238 - - [22/Oct/2023:16:41:24 +0000] "GET /portfolio/html/images/1.png HTTP/1.1" 404 196 "http://apple-samsungmarket114.com/" "Mozilla/5.0 (Windows NT 10.0; Win64; x64) AppleWebKit/537.36 (KHTML, like Gecko) Chrome/112.0.0.0 Safari/537.36 Edg/112.0.1722.68"
84.247.50.238 - - [22/Oct/2023:16:41:24 +0000] "GET /portfolio/html/images/2.png HTTP/1.1" 404 196 "http://apple-samsungmarket114.com/" "Mozilla/5.0 (Windows NT 10.0; Win64; x64) AppleWebKit/537.36 (KHTML, like Gecko) Chrome/112.0.0.0 Safari/537.36 Edg/112.0.1722.68"
84.247.50.238 - - [22/Oct/2023:16:41:24 +0000] "GET /portfolio/html/images/iphone_benefit.png HTTP/1.1" 404 196 "http://apple-samsungmarket114.com/" "Mozilla/5.0 (Windows NT 10.0; Win64; x64) AppleWebKit/537.36 (KHTML, like Gecko) Chrome/112.0.0.0 Safari/537.36 Edg/112.0.1722.68"
84.247.50.238 - - [22/Oct/2023:16:41:24 +0000] "GET /portfolio/html/images/8.png HTTP/1.1" 404 196 "http://apple-samsungmarket114.com/" "Mozilla/5.0 (Windows NT 10.0; Win64; x64) AppleWebKit/537.36 (KHTML, like Gecko) Chrome/112.0.0.0 Safari/537.36 Edg/112.0.1722.68"
84.247.50.238 - - [22/Oct/2023:16:41:24 +0000] "GET /portfolio/html/images/iphone_logo2.png HTTP/1.1" 404 196 "http://apple-samsungmarket114.com/" "Mozilla/5.0 (Windows NT 10.0; Win64; x64) AppleWebKit/537.36 (KHTML, like Gecko) Chrome/112.0.0.0 Safari/537.36 Edg/112.0.1722.68"
84.247.50.238 - - [22/Oct/2023:16:41:24 +0000] "GET /portfolio/html/images/iphone_logo1.png HTTP/1.1" 404 196 "http://apple-samsungmarket114.com/" "Mozilla/5.0 (Windows NT 10.0; Win64; x64) AppleWebKit/537.36 (KHTML, like Gecko) Chrome/112.0.0.0 Safari/537.36 Edg/112.0.1722.68"
84.247.50.238 - - [22/Oct/2023:16:41:24 +0000] "GET /portfolio/html/images/iphone_logo3.png HTTP/1.1" 404 196 "http://apple-samsungmarket114.com/" "Mozilla/5.0 (Windows NT 10.0; Win64; x64) AppleWebKit/537.36 (KHTML, like Gecko) Chrome/112.0.0.0 Safari/537.36 Edg/112.0.1722.68"
84.247.50.238 - - [22/Oct/2023:16:41:24 +0000] "GET /img/button_ka.png HTTP/1.1" 404 196 "http://apple-samsungmarket114.com/" "Mozilla/5.0 (Windows NT 10.0; Win64; x64) AppleWebKit/537.36 (KHTML, like Gecko) Chrome/112.0.0.0 Safari/537.36 Edg/112.0.1722.68"
84.247.50.238 - - [22/Oct/2023:16:41:24 +0000] "GET /img/button_call.png HTTP/1.1" 404 196 "http://apple-samsungmarket114.com/" "Mozilla/5.0 (Windows NT 10.0; Win64; x64) AppleWebKit/537.36 (KHTML, like Gecko) Chrome/112.0.0.0 Safari/537.36 Edg/112.0.1722.68"
161.35.246.138 - - [22/Oct/2023:16:42:01 +0000] "GET / HTTP/1.1" 304 - "-" "Mozilla/5.0 (Linux; Android 13) AppleWebKit/537.36 (KHTML, like Gecko) Chrome/113.0.0.0 Mobile Safari/537.36"
161.35.246.138 - - [22/Oct/2023:16:42:02 +0000] "GET /portfolio/html/css/font-icons.min.css HTTP/1.1" 404 196 "http://apple-samsungmarket114.com/" "Mozilla/5.0 (Linux; Android 13) AppleWebKit/537.36 (KHTML, like Gecko) Chrome/113.0.0.0 Mobile Safari/537.36"
161.35.246.138 - - [22/Oct/2023:16:42:02 +0000] "GET /portfolio/html/css/responsive.css HTTP/1.1" 404 196 "http://apple-samsungmarket114.com/" "Mozilla/5.0 (Linux; Android 13) AppleWebKit/537.36 (KHTML, like Gecko) Chrome/113.0.0.0 Mobile Safari/537.36"
161.35.246.138 - - [22/Oct/2023:16:42:02 +0000] "GET /portfolio/html/css/style.css HTTP/1.1" 404 196 "http://apple-samsungmarket114.com/" "Mozilla/5.0 (Linux; Android 13) AppleWebKit/537.36 (KHTML, like Gecko) Chrome/113.0.0.0 Mobile Safari/537.36"
161.35.246.138 - - [22/Oct/2023:16:42:02 +0000] "GET /portfolio/html/css/font-icons.min.html HTTP/1.1" 404 196 "http://apple-samsungmarket114.com/" "Mozilla/5.0 (Linux; Android 13) AppleWebKit/537.36 (KHTML, like Gecko) Chrome/113.0.0.0 Mobile Safari/537.36"
161.35.246.138 - - [22/Oct/2023:16:42:02 +0000] "GET /portfolio/html/css/theme-vendors.min.css HTTP/1.1" 404 196 "http://apple-samsungmarket114.com/" "Mozilla/5.0 (Linux; Android 13) AppleWebKit/537.36 (KHTML, like Gecko) Chrome/113.0.0.0 Mobile Safari/537.36"
161.35.246.138 - - [22/Oct/2023:16:42:03 +0000] "GET /portfolio/html/css/style.html HTTP/1.1" 404 196 "http://apple-samsungmarket114.com/" "Mozilla/5.0 (Linux; Android 13) AppleWebKit/537.36 (KHTML, like Gecko) Chrome/113.0.0.0 Mobile Safari/537.36"
161.35.246.138 - - [22/Oct/2023:16:42:02 +0000] "GET /portfolio/html/css/theme-vendors.min.html HTTP/1.1" 404 196 "http://apple-samsungmarket114.com/" "Mozilla/5.0 (Linux; Android 13) AppleWebKit/537.36 (KHTML, like Gecko) Chrome/113.0.0.0 Mobile Safari/537.36"
161.35.246.138 - - [22/Oct/2023:16:42:03 +0000] "GET /portfolio/html/css/responsive.html HTTP/1.1" 404 196 "http://apple-samsungmarket114.com/" "Mozilla/5.0 (Linux; Android 13) AppleWebKit/537.36 (KHTML, like Gecko) Chrome/113.0.0.0 Mobile Safari/537.36"
161.35.246.138 - - [22/Oct/2023:16:42:03 +0000] "GET /portfolio/html/js/theme-vendors.min.js HTTP/1.1" 404 196 "http://apple-samsungmarket114.com/" "Mozilla/5.0 (Linux; Android 13) AppleWebKit/537.36 (KHTML, like Gecko) Chrome/113.0.0.0 Mobile Safari/537.36"
161.35.246.138 - - [22/Oct/2023:16:42:03 +0000] "GET /img/apple-touch-icon.png HTTP/1.1" 404 196 "http://apple-samsungmarket114.com/" "Mozilla/5.0 (Linux; Android 13) AppleWebKit/537.36 (KHTML, like Gecko) Chrome/113.0.0.0 Mobile Safari/537.36"
161.35.246.138 - - [22/Oct/2023:16:42:03 +0000] "GET /portfolio/html/js/jquery.min.js HTTP/1.1" 404 196 "http://apple-samsungmarket114.com/" "Mozilla/5.0 (Linux; Android 13) AppleWebKit/537.36 (KHTML, like Gecko) Chrome/113.0.0.0 Mobile Safari/537.36"
161.35.246.138 - - [22/Oct/2023:16:42:03 +0000] "GET /portfolio/html/js/main.js HTTP/1.1" 404 196 "http://apple-samsungmarket114.com/" "Mozilla/5.0 (Linux; Android 13) AppleWebKit/537.36 (KHTML, like Gecko) Chrome/113.0.0.0 Mobile Safari/537.36"
161.35.246.138 - - [22/Oct/2023:16:42:03 +0000] "GET /img/mod.png HTTP/1.1" 404 196 "http://apple-samsungmarket114.com/" "Mozilla/5.0 (Linux; Android 13) AppleWebKit/537.36 (KHTML, like Gecko) Chrome/113.0.0.0 Mobile Safari/537.36"
161.35.246.138 - - [22/Oct/2023:16:42:03 +0000] "GET /portfolio/html/images/icon_1.png HTTP/1.1" 404 196 "http://apple-samsungmarket114.com/" "Mozilla/5.0 (Linux; Android 13) AppleWebKit/537.36 (KHTML, like Gecko) Chrome/113.0.0.0 Mobile Safari/537.36"
161.35.246.138 - - [22/Oct/2023:16:42:04 +0000] "GET /portfolio/html/images/iphone_main3.png HTTP/1.1" 404 196 "http://apple-samsungmarket114.com/" "Mozilla/5.0 (Linux; Android 13) AppleWebKit/537.36 (KHTML, like Gecko) Chrome/113.0.0.0 Mobile Safari/537.36"
161.35.246.138 - - [22/Oct/2023:16:42:04 +0000] "GET /portfolio/html/images/iphone_drop3.png HTTP/1.1" 404 196 "http://apple-samsungmarket114.com/" "Mozilla/5.0 (Linux; Android 13) AppleWebKit/537.36 (KHTML, like Gecko) Chrome/113.0.0.0 Mobile Safari/537.36"
161.35.246.138 - - [22/Oct/2023:16:42:04 +0000] "GET /portfolio/html/images/icon_3.png HTTP/1.1" 404 196 "http://apple-samsungmarket114.com/" "Mozilla/5.0 (Linux; Android 13) AppleWebKit/537.36 (KHTML, like Gecko) Chrome/113.0.0.0 Mobile Safari/537.36"
161.35.246.138 - - [22/Oct/2023:16:42:03 +0000] "GET /portfolio/html/images/icon_2.png HTTP/1.1" 404 196 "http://apple-samsungmarket114.com/" "Mozilla/5.0 (Linux; Android 13) AppleWebKit/537.36 (KHTML, like Gecko) Chrome/113.0.0.0 Mobile Safari/537.36"
161.35.246.138 - - [22/Oct/2023:16:42:04 +0000] "GET /portfolio/html/images/galaxy%20s23%20plus.png HTTP/1.1" 404 196 "http://apple-samsungmarket114.com/" "Mozilla/5.0 (Linux; Android 13) AppleWebKit/537.36 (KHTML, like Gecko) Chrome/113.0.0.0 Mobile Safari/537.36"
161.35.246.138 - - [22/Oct/2023:16:42:04 +0000] "GET /portfolio/html/images/galaxy%20s23.png HTTP/1.1" 404 196 "http://apple-samsungmarket114.com/" "Mozilla/5.0 (Linux; Android 13) AppleWebKit/537.36 (KHTML, like Gecko) Chrome/113.0.0.0 Mobile Safari/537.36"
161.35.246.138 - - [22/Oct/2023:16:42:04 +0000] "GET /portfolio/html/images/iphone%2014%20pro.png HTTP/1.1" 404 196 "http://apple-samsungmarket114.com/" "Mozilla/5.0 (Linux; Android 13) AppleWebKit/537.36 (KHTML, like Gecko) Chrome/113.0.0.0 Mobile Safari/537.36"
161.35.246.138 - - [22/Oct/2023:16:42:04 +0000] "GET /portfolio/html/images/iphone%2014.png HTTP/1.1" 404 196 "http://apple-samsungmarket114.com/" "Mozilla/5.0 (Linux; Android 13) AppleWebKit/537.36 (KHTML, like Gecko) Chrome/113.0.0.0 Mobile Safari/537.36"
161.35.246.138 - - [22/Oct/2023:16:42:04 +0000] "GET /portfolio/html/images/galaxy%20ultra.png HTTP/1.1" 404 196 "http://apple-samsungmarket114.com/" "Mozilla/5.0 (Linux; Android 13) AppleWebKit/537.36 (KHTML, like Gecko) Chrome/113.0.0.0 Mobile Safari/537.36"
161.35.246.138 - - [22/Oct/2023:16:42:04 +0000] "GET /portfolio/html/images/galaxy%20quantom%204.png HTTP/1.1" 404 196 "http://apple-samsungmarket114.com/" "Mozilla/5.0 (Linux; Android 13) AppleWebKit/537.36 (KHTML, like Gecko) Chrome/113.0.0.0 Mobile Safari/537.36"
161.35.246.138 - - [22/Oct/2023:16:42:04 +0000] "GET /portfolio/html/images/airpod%20max.png HTTP/1.1" 404 196 "http://apple-samsungmarket114.com/" "Mozilla/5.0 (Linux; Android 13) AppleWebKit/537.36 (KHTML, like Gecko) Chrome/113.0.0.0 Mobile Safari/537.36"
161.35.246.138 - - [22/Oct/2023:16:42:04 +0000] "GET /portfolio/html/images/iphone%2015%20pro.png HTTP/1.1" 404 196 "http://apple-samsungmarket114.com/" "Mozilla/5.0 (Linux; Android 13) AppleWebKit/537.36 (KHTML, like Gecko) Chrome/113.0.0.0 Mobile Safari/537.36"
161.35.246.138 - - [22/Oct/2023:16:42:04 +0000] "GET /portfolio/html/images/iphone%2015%20pro%20max.png HTTP/1.1" 404 196 "http://apple-samsungmarket114.com/" "Mozilla/5.0 (Linux; Android 13) AppleWebKit/537.36 (KHTML, like Gecko) Chrome/113.0.0.0 Mobile Safari/537.36"
161.35.246.138 - - [22/Oct/2023:16:42:04 +0000] "GET /portfolio/html/images/zfold%205.png HTTP/1.1" 404 196 "http://apple-samsungmarket114.com/" "Mozilla/5.0 (Linux; Android 13) AppleWebKit/537.36 (KHTML, like Gecko) Chrome/113.0.0.0 Mobile Safari/537.36"
161.35.246.138 - - [22/Oct/2023:16:42:04 +0000] "GET /portfolio/html/images/iphone%2015%20plus.png HTTP/1.1" 404 196 "http://apple-samsungmarket114.com/" "Mozilla/5.0 (Linux; Android 13) AppleWebKit/537.36 (KHTML, like Gecko) Chrome/113.0.0.0 Mobile Safari/537.36"
161.35.246.138 - - [22/Oct/2023:16:42:05 +0000] "GET /portfolio/html/images/ipadpro%20wifi%20model.png HTTP/1.1" 404 196 "http://apple-samsungmarket114.com/" "Mozilla/5.0 (Linux; Android 13) AppleWebKit/537.36 (KHTML, like Gecko) Chrome/113.0.0.0 Mobile Safari/537.36"
161.35.246.138 - - [22/Oct/2023:16:42:05 +0000] "GET /portfolio/html/images/ipad%20pro%20sell%20model.png HTTP/1.1" 404 196 "http://apple-samsungmarket114.com/" "Mozilla/5.0 (Linux; Android 13) AppleWebKit/537.36 (KHTML, like Gecko) Chrome/113.0.0.0 Mobile Safari/537.36"
161.35.246.138 - - [22/Oct/2023:16:42:05 +0000] "GET /portfolio/html/images/ipad%20mini%20wifi.png HTTP/1.1" 404 196 "http://apple-samsungmarket114.com/" "Mozilla/5.0 (Linux; Android 13) AppleWebKit/537.36 (KHTML, like Gecko) Chrome/113.0.0.0 Mobile Safari/537.36"
161.35.246.138 - - [22/Oct/2023:16:42:04 +0000] "GET /portfolio/html/images/iphone%2015.png HTTP/1.1" 404 196 "http://apple-samsungmarket114.com/" "Mozilla/5.0 (Linux; Android 13) AppleWebKit/537.36 (KHTML, like Gecko) Chrome/113.0.0.0 Mobile Safari/537.36"
161.35.246.138 - - [22/Oct/2023:16:42:05 +0000] "GET /portfolio/html/images/ipad%20air%20wifi.png HTTP/1.1" 404 196 "http://apple-samsungmarket114.com/" "Mozilla/5.0 (Linux; Android 13) AppleWebKit/537.36 (KHTML, like Gecko) Chrome/113.0.0.0 Mobile Safari/537.36"
161.35.246.138 - - [22/Oct/2023:16:42:05 +0000] "GET /portfolio/html/images/ipad%20air%20sell.png HTTP/1.1" 404 196 "http://apple-samsungmarket114.com/" "Mozilla/5.0 (Linux; Android 13) AppleWebKit/537.36 (KHTML, like Gecko) Chrome/113.0.0.0 Mobile Safari/537.36"
161.35.246.138 - - [22/Oct/2023:16:42:05 +0000] "GET /portfolio/html/images/newipad%2010%20wifi.png HTTP/1.1" 404 196 "http://apple-samsungmarket114.com/" "Mozilla/5.0 (Linux; Android 13) AppleWebKit/537.36 (KHTML, like Gecko) Chrome/113.0.0.0 Mobile Safari/537.36"
161.35.246.138 - - [22/Oct/2023:16:42:05 +0000] "GET /portfolio/html/images/newipad%20sell.png HTTP/1.1" 404 196 "http://apple-samsungmarket114.com/" "Mozilla/5.0 (Linux; Android 13) AppleWebKit/537.36 (KHTML, like Gecko) Chrome/113.0.0.0 Mobile Safari/537.36"
161.35.246.138 - - [22/Oct/2023:16:42:05 +0000] "GET /portfolio/html/images/ipad%20mini%20sell.png HTTP/1.1" 404 196 "http://apple-samsungmarket114.com/" "Mozilla/5.0 (Linux; Android 13) AppleWebKit/537.36 (KHTML, like Gecko) Chrome/113.0.0.0 Mobile Safari/537.36"
161.35.246.138 - - [22/Oct/2023:16:42:05 +0000] "GET /portfolio/html/images/step1.png HTTP/1.1" 404 196 "http://apple-samsungmarket114.com/" "Mozilla/5.0 (Linux; Android 13) AppleWebKit/537.36 (KHTML, like Gecko) Chrome/113.0.0.0 Mobile Safari/537.36"
161.35.246.138 - - [22/Oct/2023:16:42:05 +0000] "GET /portfolio/html/images/step2.png HTTP/1.1" 404 196 "http://apple-samsungmarket114.com/" "Mozilla/5.0 (Linux; Android 13) AppleWebKit/537.36 (KHTML, like Gecko) Chrome/113.0.0.0 Mobile Safari/537.36"
161.35.246.138 - - [22/Oct/2023:16:42:05 +0000] "GET /portfolio/html/images/step3.png HTTP/1.1" 404 196 "http://apple-samsungmarket114.com/" "Mozilla/5.0 (Linux; Android 13) AppleWebKit/537.36 (KHTML, like Gecko) Chrome/113.0.0.0 Mobile Safari/537.36"
161.35.246.138 - - [22/Oct/2023:16:42:05 +0000] "GET /portfolio/html/images/step4.png HTTP/1.1" 404 196 "http://apple-samsungmarket114.com/" "Mozilla/5.0 (Linux; Android 13) AppleWebKit/537.36 (KHTML, like Gecko) Chrome/113.0.0.0 Mobile Safari/537.36"
161.35.246.138 - - [22/Oct/2023:16:42:05 +0000] "GET /portfolio/html/images/1.png HTTP/1.1" 404 196 "http://apple-samsungmarket114.com/" "Mozilla/5.0 (Linux; Android 13) AppleWebKit/537.36 (KHTML, like Gecko) Chrome/113.0.0.0 Mobile Safari/537.36"
161.35.246.138 - - [22/Oct/2023:16:42:05 +0000] "GET /portfolio/html/images/calendar.png HTTP/1.1" 404 196 "http://apple-samsungmarket114.com/" "Mozilla/5.0 (Linux; Android 13) AppleWebKit/537.36 (KHTML, like Gecko) Chrome/113.0.0.0 Mobile Safari/537.36"
161.35.246.138 - - [22/Oct/2023:16:42:05 +0000] "GET /portfolio/html/images/2.png HTTP/1.1" 404 196 "http://apple-samsungmarket114.com/" "Mozilla/5.0 (Linux; Android 13) AppleWebKit/537.36 (KHTML, like Gecko) Chrome/113.0.0.0 Mobile Safari/537.36"
161.35.246.138 - - [22/Oct/2023:16:42:05 +0000] "GET /portfolio/html/images/10.png HTTP/1.1" 404 196 "http://apple-samsungmarket114.com/" "Mozilla/5.0 (Linux; Android 13) AppleWebKit/537.36 (KHTML, like Gecko) Chrome/113.0.0.0 Mobile Safari/537.36"
161.35.246.138 - - [22/Oct/2023:16:42:06 +0000] "GET /portfolio/html/images/8.png HTTP/1.1" 404 196 "http://apple-samsungmarket114.com/" "Mozilla/5.0 (Linux; Android 13) AppleWebKit/537.36 (KHTML, like Gecko) Chrome/113.0.0.0 Mobile Safari/537.36"
161.35.246.138 - - [22/Oct/2023:16:42:05 +0000] "GET /portfolio/html/images/3.png HTTP/1.1" 404 196 "http://apple-samsungmarket114.com/" "Mozilla/5.0 (Linux; Android 13) AppleWebKit/537.36 (KHTML, like Gecko) Chrome/113.0.0.0 Mobile Safari/537.36"
161.35.246.138 - - [22/Oct/2023:16:42:06 +0000] "GET /portfolio/html/images/iphone_logo2.png HTTP/1.1" 404 196 "http://apple-samsungmarket114.com/" "Mozilla/5.0 (Linux; Android 13) AppleWebKit/537.36 (KHTML, like Gecko) Chrome/113.0.0.0 Mobile Safari/537.36"
161.35.246.138 - - [22/Oct/2023:16:42:06 +0000] "GET /portfolio/html/images/iphone_logo1.png HTTP/1.1" 404 196 "http://apple-samsungmarket114.com/" "Mozilla/5.0 (Linux; Android 13) AppleWebKit/537.36 (KHTML, like Gecko) Chrome/113.0.0.0 Mobile Safari/537.36"
161.35.246.138 - - [22/Oct/2023:16:42:06 +0000] "GET /img/button_ka.png HTTP/1.1" 404 196 "http://apple-samsungmarket114.com/" "Mozilla/5.0 (Linux; Android 13) AppleWebKit/537.36 (KHTML, like Gecko) Chrome/113.0.0.0 Mobile Safari/537.36"
161.35.246.138 - - [22/Oct/2023:16:42:06 +0000] "GET /img/button_call.png HTTP/1.1" 404 196 "http://apple-samsungmarket114.com/" "Mozilla/5.0 (Linux; Android 13) AppleWebKit/537.36 (KHTML, like Gecko) Chrome/113.0.0.0 Mobile Safari/537.36"
161.35.246.138 - - [22/Oct/2023:16:42:06 +0000] "GET /portfolio/html/images/iphone_benefit.png HTTP/1.1" 404 196 "http://apple-samsungmarket114.com/" "Mozilla/5.0 (Linux; Android 13) AppleWebKit/537.36 (KHTML, like Gecko) Chrome/113.0.0.0 Mobile Safari/537.36"
161.35.246.138 - - [22/Oct/2023:16:42:06 +0000] "GET /portfolio/html/images/iphone_logo3.png HTTP/1.1" 404 196 "http://apple-samsungmarket114.com/" "Mozilla/5.0 (Linux; Android 13) AppleWebKit/537.36 (KHTML, like Gecko) Chrome/113.0.0.0 Mobile Safari/537.36"
84.247.50.238 - - [22/Oct/2023:16:42:21 +0000] "GET / HTTP/1.1" 200 147371 "-" "Mozilla/5.0 (Windows NT 10.0; Win64; x64) AppleWebKit/537.36 (KHTML, like Gecko) Chrome/112.0.0.0 Safari/537.36 Edg/112.0.1722.68"
